0 verbose cli D:\a-software\node\node.exe D:\a-software\node\node_modules\npm\bin\npm-cli.js
1 info using npm@11.9.0
2 info using node@v24.14.0
3 silly config load:file:D:\a-software\node\node_modules\npm\npmrc
4 silly config load:file:F:\agent\new\agentDogs\GUI\.npmrc
5 silly config load:file:C:\Users\jcq-myseif\.npmrc
6 silly config load:file:D:\a-software\node\node_global\etc\npmrc
7 verbose title npm install
8 verbose argv "install" "--registry" "https://registry.npmmirror.com" "--cache" ".npm-cache" "--no-audit" "--no-fund"
9 verbose logfile logs-max:10 dir:F:\agent\new\agentDogs\GUI\.npm-cache\_logs\2026-06-21T06_55_18_845Z-
10 verbose logfile F:\agent\new\agentDogs\GUI\.npm-cache\_logs\2026-06-21T06_55_18_845Z-debug-0.log
11 silly logfile done cleaning log files
12 silly packumentCache heap:4496293888 maxSize:1124073472 maxEntrySize:562036736
13 silly idealTree buildDeps
14 silly fetch manifest lucide-react@0.468.0
15 silly packumentCache full:https://registry.npmmirror.com/lucide-react cache-miss
16 http fetch GET 200 https://registry.npmmirror.com/lucide-react 37711ms (cache revalidated)
17 silly packumentCache full:https://registry.npmmirror.com/lucide-react set size:2341685 disposed:false
18 silly fetch manifest react@18.3.1
19 silly packumentCache full:https://registry.npmmirror.com/react cache-miss
20 http fetch GET 200 https://registry.npmmirror.com/react 39625ms (cache revalidated)
21 silly packumentCache full:https://registry.npmmirror.com/react set size:6465671 disposed:false
22 silly fetch manifest react-dom@18.3.1
23 silly packumentCache full:https://registry.npmmirror.com/react-dom cache-miss
24 http fetch GET 200 https://registry.npmmirror.com/react-dom 40059ms (cache revalidated)
25 silly packumentCache full:https://registry.npmmirror.com/react-dom set size:8705348 disposed:false
26 silly fetch manifest @vitejs/plugin-react@4.3.4
27 silly packumentCache full:https://registry.npmmirror.com/@vitejs%2fplugin-react cache-miss
28 http fetch GET 200 https://registry.npmmirror.com/@vitejs%2fplugin-react 32060ms (cache revalidated)
29 silly packumentCache full:https://registry.npmmirror.com/@vitejs%2fplugin-react set size:273371 disposed:false
30 silly fetch manifest vite@6.1.0
31 silly packumentCache full:https://registry.npmmirror.com/vite cache-miss
32 http fetch GET 200 https://registry.npmmirror.com/vite 30764ms (cache revalidated)
33 silly packumentCache full:https://registry.npmmirror.com/vite set size:38694014 disposed:false
34 silly fetch manifest @types/node@^18.0.0 || ^20.0.0 || >=22.0.0
35 silly packumentCache full:https://registry.npmmirror.com/@types%2fnode cache-miss
36 http fetch GET 200 https://registry.npmmirror.com/@types%2fnode 42523ms (cache revalidated)
37 silly packumentCache full:https://registry.npmmirror.com/@types%2fnode set size:10302654 disposed:false
38 silly fetch manifest jiti@>=1.21.0
39 silly packumentCache full:https://registry.npmmirror.com/jiti cache-miss
40 http fetch GET 200 https://registry.npmmirror.com/jiti 34302ms (cache revalidated)
41 silly packumentCache full:https://registry.npmmirror.com/jiti set size:349233 disposed:false
42 silly fetch manifest less@*
43 silly packumentCache full:https://registry.npmmirror.com/less cache-miss
44 http fetch GET 200 https://registry.npmmirror.com/less 30890ms (cache revalidated)
45 silly packumentCache full:https://registry.npmmirror.com/less set size:440583 disposed:false
46 silly fetch manifest lightningcss@^1.21.0
47 silly packumentCache full:https://registry.npmmirror.com/lightningcss cache-miss
48 http fetch GET 200 https://registry.npmmirror.com/lightningcss 32184ms (cache revalidated)
49 silly packumentCache full:https://registry.npmmirror.com/lightningcss set size:191662 disposed:false
50 silly fetch manifest sass@*
51 silly packumentCache full:https://registry.npmmirror.com/sass cache-miss
52 http fetch GET 200 https://registry.npmmirror.com/sass 42980ms (cache revalidated)
53 silly packumentCache full:https://registry.npmmirror.com/sass set size:605392 disposed:false
54 silly fetch manifest sass-embedded@*
55 silly packumentCache full:https://registry.npmmirror.com/sass-embedded cache-miss
56 http fetch GET 200 https://registry.npmmirror.com/sass-embedded 34874ms (cache revalidated)
57 silly packumentCache full:https://registry.npmmirror.com/sass-embedded set size:431111 disposed:false
58 silly fetch manifest stylus@*
59 silly packumentCache full:https://registry.npmmirror.com/stylus cache-miss
60 http fetch GET 200 https://registry.npmmirror.com/stylus 42524ms (cache revalidated)
61 silly packumentCache full:https://registry.npmmirror.com/stylus set size:312391 disposed:false
62 silly fetch manifest sugarss@*
63 silly packumentCache full:https://registry.npmmirror.com/sugarss cache-miss
64 http fetch GET 200 https://registry.npmmirror.com/sugarss 22826ms (cache revalidated)
65 silly packumentCache full:https://registry.npmmirror.com/sugarss set size:38248 disposed:false
66 silly fetch manifest postcss@^8.3.3
67 silly packumentCache full:https://registry.npmmirror.com/postcss cache-miss
68 http fetch GET 200 https://registry.npmmirror.com/postcss 39300ms (cache revalidated)
69 silly packumentCache full:https://registry.npmmirror.com/postcss set size:639981 disposed:false
70 silly fetch manifest terser@^5.16.0
71 silly packumentCache full:https://registry.npmmirror.com/terser cache-miss
72 http fetch GET 200 https://registry.npmmirror.com/terser 39566ms (cache revalidated)
73 silly packumentCache full:https://registry.npmmirror.com/terser set size:704380 disposed:false
74 silly fetch manifest tsx@^4.8.1
75 silly packumentCache full:https://registry.npmmirror.com/tsx cache-miss
76 http fetch GET 200 https://registry.npmmirror.com/tsx 31623ms (cache revalidated)
77 silly packumentCache full:https://registry.npmmirror.com/tsx set size:318921 disposed:false
78 silly fetch manifest yaml@^2.4.2
79 silly packumentCache full:https://registry.npmmirror.com/yaml cache-miss
80 http fetch GET 200 https://registry.npmmirror.com/yaml 33568ms (cache revalidated)
81 silly packumentCache full:https://registry.npmmirror.com/yaml set size:344021 disposed:false
82 silly placeDep ROOT @vitejs/plugin-react@4.3.4 REPLACE for: agentdogs-gui@0.1.0 want: 4.3.4
83 silly placeDep ROOT vite@6.1.0 OK for: @vitejs/plugin-react@4.3.4 want: ^4.2.0 || ^5.0.0 || ^6.0.0
84 silly placeDep ROOT lightningcss@1.32.0 REPLACE for: vite@6.1.0 want: ^1.21.0
85 silly placeDep ROOT lucide-react@0.468.0 REPLACE for: agentdogs-gui@0.1.0 want: 0.468.0
86 silly placeDep ROOT react@18.3.1 OK for: lucide-react@0.468.0 want: ^16.5.1 || ^17.0.0 || ^18.0.0 || ^19.0.0-rc
87 silly placeDep ROOT react-dom@18.3.1 REPLACE for: agentdogs-gui@0.1.0 want: 18.3.1
88 silly fetch manifest @babel/core@^7.26.0
89 silly packumentCache full:https://registry.npmmirror.com/@babel%2fcore cache-miss
90 silly fetch manifest @babel/plugin-transform-react-jsx-self@^7.25.9
91 silly packumentCache full:https://registry.npmmirror.com/@babel%2fplugin-transform-react-jsx-self cache-miss
92 silly fetch manifest @babel/plugin-transform-react-jsx-source@^7.25.9
93 silly packumentCache full:https://registry.npmmirror.com/@babel%2fplugin-transform-react-jsx-source cache-miss
94 silly fetch manifest @types/babel__core@^7.20.5
95 silly packumentCache full:https://registry.npmmirror.com/@types%2fbabel__core cache-miss
96 silly fetch manifest react-refresh@^0.14.2
97 silly packumentCache full:https://registry.npmmirror.com/react-refresh cache-miss
98 silly fetch manifest esbuild@^0.24.2
99 silly packumentCache full:https://registry.npmmirror.com/esbuild cache-miss
100 silly fetch manifest postcss@^8.5.1
101 silly packumentCache full:https://registry.npmmirror.com/postcss cache-hit
102 silly fetch manifest rollup@^4.30.1
103 silly packumentCache full:https://registry.npmmirror.com/rollup cache-miss
104 silly fetch manifest fsevents@~2.3.3
105 silly packumentCache full:https://registry.npmmirror.com/fsevents cache-miss
106 silly fetch manifest detect-libc@^2.0.3
107 silly packumentCache full:https://registry.npmmirror.com/detect-libc cache-miss
108 silly fetch manifest lightningcss-darwin-x64@1.32.0
109 silly packumentCache full:https://registry.npmmirror.com/lightningcss-darwin-x64 cache-miss
110 silly fetch manifest lightningcss-linux-x64-gnu@1.32.0
111 silly packumentCache full:https://registry.npmmirror.com/lightningcss-linux-x64-gnu cache-miss
112 silly fetch manifest lightningcss-win32-x64-msvc@1.32.0
113 silly packumentCache full:https://registry.npmmirror.com/lightningcss-win32-x64-msvc cache-miss
114 silly fetch manifest lightningcss-win32-arm64-msvc@1.32.0
115 silly packumentCache full:https://registry.npmmirror.com/lightningcss-win32-arm64-msvc cache-miss
116 silly fetch manifest lightningcss-darwin-arm64@1.32.0
117 silly packumentCache full:https://registry.npmmirror.com/lightningcss-darwin-arm64 cache-miss
118 silly fetch manifest lightningcss-linux-arm64-gnu@1.32.0
119 silly packumentCache full:https://registry.npmmirror.com/lightningcss-linux-arm64-gnu cache-miss
120 http fetch GET 200 https://registry.npmmirror.com/fsevents 178112ms (cache revalidated)
121 silly packumentCache full:https://registry.npmmirror.com/fsevents set size:122258 disposed:false
122 silly fetch manifest lightningcss-linux-arm-gnueabihf@1.32.0
123 silly packumentCache full:https://registry.npmmirror.com/lightningcss-linux-arm-gnueabihf cache-miss
124 http fetch GET 200 https://registry.npmmirror.com/detect-libc 179787ms (cache revalidated)
125 silly packumentCache full:https://registry.npmmirror.com/detect-libc set size:48467 disposed:false
126 silly fetch manifest lightningcss-linux-arm64-musl@1.32.0
127 silly packumentCache full:https://registry.npmmirror.com/lightningcss-linux-arm64-musl cache-miss
128 http fetch GET 200 https://registry.npmmirror.com/lightningcss-linux-x64-gnu 185963ms (cache revalidated)
129 silly packumentCache full:https://registry.npmmirror.com/lightningcss-linux-x64-gnu set size:85029 disposed:false
130 silly fetch manifest lightningcss-linux-x64-musl@1.32.0
131 silly packumentCache full:https://registry.npmmirror.com/lightningcss-linux-x64-musl cache-miss
132 http fetch GET 200 https://registry.npmmirror.com/lightningcss-win32-x64-msvc 185964ms (cache revalidated)
133 silly packumentCache full:https://registry.npmmirror.com/lightningcss-win32-x64-msvc set size:84569 disposed:false
134 silly fetch manifest lightningcss-freebsd-x64@1.32.0
135 silly packumentCache full:https://registry.npmmirror.com/lightningcss-freebsd-x64 cache-miss
136 http fetch GET 200 https://registry.npmmirror.com/lightningcss-linux-arm64-gnu 194307ms (cache revalidated)
137 silly packumentCache full:https://registry.npmmirror.com/lightningcss-linux-arm64-gnu set size:85593 disposed:false
138 silly fetch manifest lightningcss-android-arm64@1.32.0
139 silly packumentCache full:https://registry.npmmirror.com/lightningcss-android-arm64 cache-miss
140 http fetch GET 200 https://registry.npmmirror.com/lightningcss-win32-arm64-msvc 194310ms (cache revalidated)
141 silly packumentCache full:https://registry.npmmirror.com/lightningcss-win32-arm64-msvc set size:28641 disposed:false
142 silly fetch manifest loose-envify@^1.1.0
143 silly packumentCache full:https://registry.npmmirror.com/loose-envify cache-miss
144 http fetch GET 200 https://registry.npmmirror.com/@babel%2fcore 194316ms (cache revalidated)
145 silly packumentCache full:https://registry.npmmirror.com/@babel%2fcore set size:716390 disposed:false
146 silly fetch manifest loose-envify@^1.1.0
147 silly packumentCache full:https://registry.npmmirror.com/loose-envify cache-miss
148 http fetch GET 200 https://registry.npmmirror.com/lightningcss-darwin-x64 194319ms (cache revalidated)
149 silly packumentCache full:https://registry.npmmirror.com/lightningcss-darwin-x64 set size:83618 disposed:false
150 silly fetch manifest scheduler@^0.23.2
151 silly packumentCache full:https://registry.npmmirror.com/scheduler cache-miss
152 http fetch GET 200 https://registry.npmmirror.com/lightningcss-darwin-arm64 233768ms (cache revalidated)
153 silly packumentCache full:https://registry.npmmirror.com/lightningcss-darwin-arm64 set size:84200 disposed:false
154 http fetch GET 200 https://registry.npmmirror.com/@types%2fbabel__core 266453ms (cache miss)
155 silly packumentCache full:https://registry.npmmirror.com/@types%2fbabel__core set size:14948 disposed:false
156 http fetch GET 200 https://registry.npmmirror.com/esbuild 266455ms (cache revalidated)
157 silly packumentCache full:https://registry.npmmirror.com/esbuild set size:1010140 disposed:false
158 http fetch GET 200 https://registry.npmmirror.com/@babel%2fplugin-transform-react-jsx-source 291568ms (cache miss)
159 silly packumentCache full:https://registry.npmmirror.com/@babel%2fplugin-transform-react-jsx-source set size:34215 disposed:false
160 http fetch GET 200 https://registry.npmmirror.com/@babel%2fplugin-transform-react-jsx-self 299957ms (cache miss)
161 silly packumentCache full:https://registry.npmmirror.com/@babel%2fplugin-transform-react-jsx-self set size:34594 disposed:false
162 http fetch GET 200 https://registry.npmmirror.com/lightningcss-freebsd-x64 134880ms (cache revalidated)
163 silly packumentCache full:https://registry.npmmirror.com/lightningcss-freebsd-x64 set size:46229 disposed:false
164 http fetch GET 200 https://registry.npmmirror.com/lightningcss-linux-arm64-musl 141062ms (cache revalidated)
165 silly packumentCache full:https://registry.npmmirror.com/lightningcss-linux-arm64-musl set size:85811 disposed:false
166 http fetch GET 200 https://registry.npmmirror.com/lightningcss-linux-x64-musl 135662ms (cache revalidated)
167 silly packumentCache full:https://registry.npmmirror.com/lightningcss-linux-x64-musl set size:85237 disposed:false
168 http fetch GET 200 https://registry.npmmirror.com/lightningcss-android-arm64 131838ms (cache revalidated)
169 silly packumentCache full:https://registry.npmmirror.com/lightningcss-android-arm64 set size:8138 disposed:false
170 http fetch GET 200 https://registry.npmmirror.com/lightningcss-linux-arm-gnueabihf 148187ms (cache revalidated)
171 silly packumentCache full:https://registry.npmmirror.com/lightningcss-linux-arm-gnueabihf set size:85827 disposed:false
172 http fetch GET 200 https://registry.npmmirror.com/scheduler 141305ms (cache revalidated)
173 silly packumentCache full:https://registry.npmmirror.com/scheduler set size:5311368 disposed:false
174 http fetch GET 200 https://registry.npmmirror.com/loose-envify 145398ms (cache miss)
175 silly packumentCache full:https://registry.npmmirror.com/loose-envify set size:2934 disposed:false
176 http fetch GET 200 https://registry.npmmirror.com/loose-envify 148633ms (cache miss)
177 silly packumentCache full:https://registry.npmmirror.com/loose-envify set size:2934 disposed:false
178 silly packumentCache full:https://registry.npmmirror.com/loose-envify dispose
179 http fetch GET 200 https://registry.npmmirror.com/rollup 383488ms (cache miss)
180 silly packumentCache full:https://registry.npmmirror.com/rollup set size:690001 disposed:false
181 http fetch GET 200 https://registry.npmmirror.com/react-refresh 386902ms (cache miss)
182 silly packumentCache full:https://registry.npmmirror.com/react-refresh set size:1159840 disposed:false
183 silly placeDep ROOT @babel/core@7.29.7 OK for: @vitejs/plugin-react@4.3.4 want: ^7.26.0
184 silly placeDep ROOT @babel/plugin-transform-react-jsx-self@7.29.7 OK for: @vitejs/plugin-react@4.3.4 want: ^7.25.9
185 silly placeDep ROOT @babel/plugin-transform-react-jsx-source@7.29.7 OK for: @vitejs/plugin-react@4.3.4 want: ^7.25.9
186 silly placeDep ROOT @types/babel__core@7.20.5 OK for: @vitejs/plugin-react@4.3.4 want: ^7.20.5
187 silly placeDep ROOT react-refresh@0.14.2 OK for: @vitejs/plugin-react@4.3.4 want: ^0.14.2
188 silly fetch manifest @babel/code-frame@^7.29.7
189 silly packumentCache full:https://registry.npmmirror.com/@babel%2fcode-frame cache-miss
190 silly fetch manifest @babel/generator@^7.29.7
191 silly packumentCache full:https://registry.npmmirror.com/@babel%2fgenerator cache-miss
192 silly fetch manifest @babel/helper-compilation-targets@^7.29.7
193 silly packumentCache full:https://registry.npmmirror.com/@babel%2fhelper-compilation-targets cache-miss
194 silly fetch manifest @babel/helper-module-transforms@^7.29.7
195 silly packumentCache full:https://registry.npmmirror.com/@babel%2fhelper-module-transforms cache-miss
196 silly fetch manifest @babel/helpers@^7.29.7
197 silly packumentCache full:https://registry.npmmirror.com/@babel%2fhelpers cache-miss
198 silly fetch manifest @babel/parser@^7.29.7
199 silly packumentCache full:https://registry.npmmirror.com/@babel%2fparser cache-miss
200 silly fetch manifest @babel/template@^7.29.7
201 silly packumentCache full:https://registry.npmmirror.com/@babel%2ftemplate cache-miss
202 silly fetch manifest @babel/traverse@^7.29.7
203 silly packumentCache full:https://registry.npmmirror.com/@babel%2ftraverse cache-miss
204 silly fetch manifest @babel/types@^7.29.7
205 silly packumentCache full:https://registry.npmmirror.com/@babel%2ftypes cache-miss
206 silly fetch manifest @jridgewell/remapping@^2.3.5
207 silly packumentCache full:https://registry.npmmirror.com/@jridgewell%2fremapping cache-miss
208 silly fetch manifest convert-source-map@^2.0.0
209 silly packumentCache full:https://registry.npmmirror.com/convert-source-map cache-miss
210 silly fetch manifest debug@^4.1.0
211 silly packumentCache full:https://registry.npmmirror.com/debug cache-miss
212 silly fetch manifest gensync@^1.0.0-beta.2
213 silly packumentCache full:https://registry.npmmirror.com/gensync cache-miss
214 silly fetch manifest json5@^2.2.3
215 silly packumentCache full:https://registry.npmmirror.com/json5 cache-miss
216 silly fetch manifest semver@^6.3.1
217 silly packumentCache full:https://registry.npmmirror.com/semver cache-miss
218 http fetch GET 200 https://registry.npmmirror.com/@jridgewell%2fremapping 177745ms (cache miss)
219 silly packumentCache full:https://registry.npmmirror.com/@jridgewell%2fremapping set size:6023 disposed:false
220 silly fetch manifest @babel/helper-plugin-utils@^7.29.7
221 silly packumentCache full:https://registry.npmmirror.com/@babel%2fhelper-plugin-utils cache-miss
222 http fetch GET 200 https://registry.npmmirror.com/gensync 205692ms (cache miss)
223 silly packumentCache full:https://registry.npmmirror.com/gensync set size:3930 disposed:false
224 silly fetch manifest @babel/helper-plugin-utils@^7.29.7
225 silly packumentCache full:https://registry.npmmirror.com/@babel%2fhelper-plugin-utils cache-miss
226 http fetch GET 200 https://registry.npmmirror.com/json5 228548ms (cache miss)
227 silly packumentCache full:https://registry.npmmirror.com/json5 set size:18850 disposed:false
228 silly fetch manifest @babel/parser@^7.20.7
229 silly packumentCache full:https://registry.npmmirror.com/@babel%2fparser cache-miss
230 http fetch GET 200 https://registry.npmmirror.com/debug 234999ms (cache miss)
231 silly packumentCache full:https://registry.npmmirror.com/debug set size:32036 disposed:false
232 silly fetch manifest @babel/types@^7.20.7
233 silly packumentCache full:https://registry.npmmirror.com/@babel%2ftypes cache-miss
234 http fetch GET 200 https://registry.npmmirror.com/convert-source-map 247974ms (cache miss)
235 silly packumentCache full:https://registry.npmmirror.com/convert-source-map set size:13631 disposed:false
236 silly fetch manifest @types/babel__generator@*
237 silly packumentCache full:https://registry.npmmirror.com/@types%2fbabel__generator cache-miss
238 http fetch GET 200 https://registry.npmmirror.com/@babel%2fcode-frame 249889ms (cache miss)
239 silly packumentCache full:https://registry.npmmirror.com/@babel%2fcode-frame set size:36012 disposed:false
240 silly fetch manifest @types/babel__template@*
241 silly packumentCache full:https://registry.npmmirror.com/@types%2fbabel__template cache-miss
242 http fetch GET 200 https://registry.npmmirror.com/@babel%2fhelper-compilation-targets 258083ms (cache miss)
243 silly packumentCache full:https://registry.npmmirror.com/@babel%2fhelper-compilation-targets set size:42418 disposed:false
244 silly fetch manifest @types/babel__traverse@*
245 silly packumentCache full:https://registry.npmmirror.com/@types%2fbabel__traverse cache-miss
246 http fetch GET 200 https://registry.npmmirror.com/semver 259169ms (cache miss)
247 silly packumentCache full:https://registry.npmmirror.com/semver set size:47504 disposed:false
248 http fetch GET 200 https://registry.npmmirror.com/@babel%2ftemplate 287124ms (cache miss)
249 silly packumentCache full:https://registry.npmmirror.com/@babel%2ftemplate set size:40395 disposed:false
250 http fetch GET 200 https://registry.npmmirror.com/@babel%2fhelper-module-transforms 296447ms (cache miss)
251 silly packumentCache full:https://registry.npmmirror.com/@babel%2fhelper-module-transforms set size:59424 disposed:false
252 http fetch GET 200 https://registry.npmmirror.com/@babel%2fhelpers 315367ms (cache miss)
253 silly packumentCache full:https://registry.npmmirror.com/@babel%2fhelpers set size:71300 disposed:false
254 http fetch GET 200 https://registry.npmmirror.com/@babel%2ftypes 364837ms (cache miss)
255 silly packumentCache full:https://registry.npmmirror.com/@babel%2ftypes set size:82596 disposed:false
256 http fetch GET 200 https://registry.npmmirror.com/@babel%2fgenerator 374512ms (cache miss)
257 silly packumentCache full:https://registry.npmmirror.com/@babel%2fgenerator set size:90900 disposed:false
258 http fetch GET 200 https://registry.npmmirror.com/@babel%2ftraverse 382149ms (cache miss)
259 silly packumentCache full:https://registry.npmmirror.com/@babel%2ftraverse set size:96354 disposed:false
260 http fetch GET 200 https://registry.npmmirror.com/@babel%2fhelper-plugin-utils 214333ms (cache miss)
261 silly packumentCache full:https://registry.npmmirror.com/@babel%2fhelper-plugin-utils set size:34978 disposed:false
262 http fetch GET 200 https://registry.npmmirror.com/@babel%2fhelper-plugin-utils 193231ms (cache miss)
263 silly packumentCache full:https://registry.npmmirror.com/@babel%2fhelper-plugin-utils set size:34978 disposed:false
264 silly packumentCache full:https://registry.npmmirror.com/@babel%2fhelper-plugin-utils dispose
265 http fetch GET 200 https://registry.npmmirror.com/@types%2fbabel__generator 150954ms (cache miss)
266 silly packumentCache full:https://registry.npmmirror.com/@types%2fbabel__generator set size:6271 disposed:false
267 http fetch GET 200 https://registry.npmmirror.com/@types%2fbabel__template 156764ms (cache miss)
268 silly packumentCache full:https://registry.npmmirror.com/@types%2fbabel__template set size:4175 disposed:false
269 http fetch GET 200 https://registry.npmmirror.com/@babel%2ftypes 181804ms (cache miss)
270 silly packumentCache full:https://registry.npmmirror.com/@babel%2ftypes set size:82596 disposed:false
271 silly packumentCache full:https://registry.npmmirror.com/@babel%2ftypes dispose
272 http fetch GET 200 https://registry.npmmirror.com/@types%2fbabel__traverse 164811ms (cache miss)
273 silly packumentCache full:https://registry.npmmirror.com/@types%2fbabel__traverse set size:19838 disposed:false
274 http fetch GET 200 https://registry.npmmirror.com/@babel%2fparser 424257ms (cache miss)
275 silly packumentCache full:https://registry.npmmirror.com/@babel%2fparser set size:109307 disposed:false
276 http fetch GET 200 https://registry.npmmirror.com/@babel%2fparser 199424ms (cache miss)
277 silly packumentCache full:https://registry.npmmirror.com/@babel%2fparser set size:109307 disposed:false
278 silly packumentCache full:https://registry.npmmirror.com/@babel%2fparser dispose
279 silly fetch manifest @babel/core@^7.0.0
280 silly packumentCache full:https://registry.npmmirror.com/@babel%2fcore cache-hit
281 silly placeDep ROOT @babel/code-frame@7.29.7 OK for: @babel/core@7.29.7 want: ^7.29.7
282 silly placeDep ROOT @babel/generator@7.29.7 OK for: @babel/core@7.29.7 want: ^7.29.7
283 silly placeDep ROOT @babel/helper-compilation-targets@7.29.7 OK for: @babel/core@7.29.7 want: ^7.29.7
284 silly placeDep ROOT @babel/helper-module-transforms@7.29.7 OK for: @babel/core@7.29.7 want: ^7.29.7
285 silly placeDep ROOT @babel/helpers@7.29.7 OK for: @babel/core@7.29.7 want: ^7.29.7
286 silly placeDep ROOT @babel/parser@7.29.7 OK for: @babel/core@7.29.7 want: ^7.29.7
287 silly placeDep ROOT @babel/template@7.29.7 OK for: @babel/core@7.29.7 want: ^7.29.7
288 silly placeDep ROOT @babel/traverse@7.29.7 OK for: @babel/core@7.29.7 want: ^7.29.7
289 silly placeDep ROOT @babel/types@7.29.7 OK for: @babel/core@7.29.7 want: ^7.29.7
290 silly placeDep ROOT @jridgewell/remapping@2.3.5 OK for: @babel/core@7.29.7 want: ^2.3.5
291 silly placeDep ROOT convert-source-map@2.0.0 OK for: @babel/core@7.29.7 want: ^2.0.0
292 silly placeDep ROOT debug@4.4.3 OK for: @babel/core@7.29.7 want: ^4.1.0
293 silly placeDep ROOT gensync@1.0.0-beta.2 OK for: @babel/core@7.29.7 want: ^1.0.0-beta.2
294 silly placeDep ROOT json5@2.2.3 OK for: @babel/core@7.29.7 want: ^2.2.3
295 silly placeDep ROOT semver@6.3.1 OK for: @babel/core@7.29.7 want: ^6.3.1
296 silly fetch manifest @babel/helper-validator-identifier@^7.29.7
297 silly packumentCache full:https://registry.npmmirror.com/@babel%2fhelper-validator-identifier cache-miss
298 silly fetch manifest js-tokens@^4.0.0
299 silly packumentCache full:https://registry.npmmirror.com/js-tokens cache-miss
300 silly fetch manifest picocolors@^1.1.1
301 silly packumentCache full:https://registry.npmmirror.com/picocolors cache-miss
302 silly fetch manifest @jridgewell/gen-mapping@^0.3.12
303 silly packumentCache full:https://registry.npmmirror.com/@jridgewell%2fgen-mapping cache-miss
304 silly fetch manifest @jridgewell/trace-mapping@^0.3.28
305 silly packumentCache full:https://registry.npmmirror.com/@jridgewell%2ftrace-mapping cache-miss
306 silly fetch manifest jsesc@^3.0.2
307 silly packumentCache full:https://registry.npmmirror.com/jsesc cache-miss
308 silly fetch manifest @babel/compat-data@^7.29.7
309 silly packumentCache full:https://registry.npmmirror.com/@babel%2fcompat-data cache-miss
310 silly fetch manifest @babel/helper-validator-option@^7.29.7
311 silly packumentCache full:https://registry.npmmirror.com/@babel%2fhelper-validator-option cache-miss
312 silly fetch manifest browserslist@^4.24.0
313 silly packumentCache full:https://registry.npmmirror.com/browserslist cache-miss
314 silly fetch manifest lru-cache@^5.1.1
315 silly packumentCache full:https://registry.npmmirror.com/lru-cache cache-miss
316 silly fetch manifest @babel/helper-module-imports@^7.29.7
317 silly packumentCache full:https://registry.npmmirror.com/@babel%2fhelper-module-imports cache-miss
318 silly fetch manifest @babel/helper-validator-identifier@^7.29.7
319 silly packumentCache full:https://registry.npmmirror.com/@babel%2fhelper-validator-identifier cache-miss
320 silly fetch manifest @babel/helper-globals@^7.29.7
321 silly packumentCache full:https://registry.npmmirror.com/@babel%2fhelper-globals cache-miss
322 silly fetch manifest debug@^4.3.1
323 silly packumentCache full:https://registry.npmmirror.com/debug cache-hit
324 silly fetch manifest @babel/helper-string-parser@^7.29.7
325 silly packumentCache full:https://registry.npmmirror.com/@babel%2fhelper-string-parser cache-miss
326 silly fetch manifest @babel/helper-validator-identifier@^7.29.7
327 silly packumentCache full:https://registry.npmmirror.com/@babel%2fhelper-validator-identifier cache-miss
