0 verbose cli D:\a-software\node\node.exe D:\a-software\node\node_modules\npm\bin\npm-cli.js
1 info using npm@11.9.0
2 info using node@v24.14.0
3 silly config load:file:D:\a-software\node\node_modules\npm\npmrc
4 silly config load:file:F:\agent\new\agentDogs\GUI\.npmrc
5 silly config load:file:C:\Users\jcq-myseif\.npmrc
6 silly config load:file:D:\a-software\node\node_global\etc\npmrc
7 verbose title npm install
8 verbose argv "install" "--registry" "https://registry.npmmirror.com" "--cache" ".npm-cache" "--no-audit" "--no-fund"
9 verbose logfile logs-max:10 dir:F:\agent\new\agentDogs\GUI\.npm-cache\_logs\2026-06-21T07_23_02_210Z-
10 verbose logfile F:\agent\new\agentDogs\GUI\.npm-cache\_logs\2026-06-21T07_23_02_210Z-debug-0.log
11 silly logfile done cleaning log files
12 silly packumentCache heap:4496293888 maxSize:1124073472 maxEntrySize:562036736
13 silly idealTree buildDeps
14 silly fetch manifest lucide-react@0.468.0
15 silly packumentCache full:https://registry.npmmirror.com/lucide-react cache-miss
16 http fetch GET 200 https://registry.npmmirror.com/lucide-react 2262ms (cache revalidated)
17 silly packumentCache full:https://registry.npmmirror.com/lucide-react set size:2341685 disposed:false
18 silly fetch manifest react@18.3.1
19 silly packumentCache full:https://registry.npmmirror.com/react cache-miss
20 http fetch GET 200 https://registry.npmmirror.com/react 802ms (cache revalidated)
21 silly packumentCache full:https://registry.npmmirror.com/react set size:6465671 disposed:false
22 silly fetch manifest react-dom@18.3.1
23 silly packumentCache full:https://registry.npmmirror.com/react-dom cache-miss
24 http fetch GET 200 https://registry.npmmirror.com/react-dom 1277ms (cache revalidated)
25 silly packumentCache full:https://registry.npmmirror.com/react-dom set size:8705348 disposed:false
26 silly fetch manifest @vitejs/plugin-react@4.3.4
27 silly packumentCache full:https://registry.npmmirror.com/@vitejs%2fplugin-react cache-miss
28 http fetch GET 200 https://registry.npmmirror.com/@vitejs%2fplugin-react 737ms (cache revalidated)
29 silly packumentCache full:https://registry.npmmirror.com/@vitejs%2fplugin-react set size:273371 disposed:false
30 silly fetch manifest vite@6.1.0
31 silly packumentCache full:https://registry.npmmirror.com/vite cache-miss
32 http fetch GET 200 https://registry.npmmirror.com/vite 2984ms (cache revalidated)
33 silly packumentCache full:https://registry.npmmirror.com/vite set size:38694014 disposed:false
34 silly fetch manifest @types/node@^18.0.0 || ^20.0.0 || >=22.0.0
35 silly packumentCache full:https://registry.npmmirror.com/@types%2fnode cache-miss
36 http fetch GET 200 https://registry.npmmirror.com/@types%2fnode 1327ms (cache revalidated)
37 silly packumentCache full:https://registry.npmmirror.com/@types%2fnode set size:10302654 disposed:false
38 silly fetch manifest jiti@>=1.21.0
39 silly packumentCache full:https://registry.npmmirror.com/jiti cache-miss
40 http fetch GET 200 https://registry.npmmirror.com/jiti 706ms (cache revalidated)
41 silly packumentCache full:https://registry.npmmirror.com/jiti set size:349233 disposed:false
42 silly fetch manifest less@*
43 silly packumentCache full:https://registry.npmmirror.com/less cache-miss
44 http fetch GET 200 https://registry.npmmirror.com/less 691ms (cache revalidated)
45 silly packumentCache full:https://registry.npmmirror.com/less set size:440583 disposed:false
46 silly fetch manifest lightningcss@^1.21.0
47 silly packumentCache full:https://registry.npmmirror.com/lightningcss cache-miss
48 http fetch GET 200 https://registry.npmmirror.com/lightningcss 638ms (cache revalidated)
49 silly packumentCache full:https://registry.npmmirror.com/lightningcss set size:191662 disposed:false
50 silly fetch manifest sass@*
51 silly packumentCache full:https://registry.npmmirror.com/sass cache-miss
52 http fetch GET 200 https://registry.npmmirror.com/sass 797ms (cache revalidated)
53 silly packumentCache full:https://registry.npmmirror.com/sass set size:605392 disposed:false
54 silly fetch manifest sass-embedded@*
55 silly packumentCache full:https://registry.npmmirror.com/sass-embedded cache-miss
56 http fetch GET 200 https://registry.npmmirror.com/sass-embedded 729ms (cache revalidated)
57 silly packumentCache full:https://registry.npmmirror.com/sass-embedded set size:431111 disposed:false
58 silly fetch manifest stylus@*
59 silly packumentCache full:https://registry.npmmirror.com/stylus cache-miss
60 http fetch GET 200 https://registry.npmmirror.com/stylus 1025ms (cache revalidated)
61 silly packumentCache full:https://registry.npmmirror.com/stylus set size:312391 disposed:false
62 silly fetch manifest sugarss@*
63 silly packumentCache full:https://registry.npmmirror.com/sugarss cache-miss
64 http fetch GET 200 https://registry.npmmirror.com/sugarss 542ms (cache revalidated)
65 silly packumentCache full:https://registry.npmmirror.com/sugarss set size:38248 disposed:false
66 silly fetch manifest postcss@^8.3.3
67 silly packumentCache full:https://registry.npmmirror.com/postcss cache-miss
68 http fetch GET 200 https://registry.npmmirror.com/postcss 665ms (cache revalidated)
69 silly packumentCache full:https://registry.npmmirror.com/postcss set size:639981 disposed:false
70 silly fetch manifest terser@^5.16.0
71 silly packumentCache full:https://registry.npmmirror.com/terser cache-miss
72 http fetch GET 200 https://registry.npmmirror.com/terser 904ms (cache revalidated)
73 silly packumentCache full:https://registry.npmmirror.com/terser set size:704380 disposed:false
74 silly fetch manifest tsx@^4.8.1
75 silly packumentCache full:https://registry.npmmirror.com/tsx cache-miss
76 http fetch GET 200 https://registry.npmmirror.com/tsx 583ms (cache revalidated)
77 silly packumentCache full:https://registry.npmmirror.com/tsx set size:318921 disposed:false
78 silly fetch manifest yaml@^2.4.2
79 silly packumentCache full:https://registry.npmmirror.com/yaml cache-miss
80 http fetch GET 200 https://registry.npmmirror.com/yaml 764ms (cache revalidated)
81 silly packumentCache full:https://registry.npmmirror.com/yaml set size:344021 disposed:false
82 silly placeDep ROOT @vitejs/plugin-react@4.3.4 OK for: agentdogs-gui@0.1.0 want: 4.3.4
83 silly placeDep ROOT vite@6.1.0 REPLACE for: @vitejs/plugin-react@4.3.4 want: ^4.2.0 || ^5.0.0 || ^6.0.0
84 silly placeDep ROOT lucide-react@0.468.0 OK for: agentdogs-gui@0.1.0 want: 0.468.0
85 silly placeDep ROOT react@18.3.1 OK for: lucide-react@0.468.0 want: ^16.5.1 || ^17.0.0 || ^18.0.0 || ^19.0.0-rc
86 silly placeDep ROOT react-dom@18.3.1 OK for: agentdogs-gui@0.1.0 want: 18.3.1
87 silly fetch manifest @babel/core@^7.26.0
88 silly packumentCache full:https://registry.npmmirror.com/@babel%2fcore cache-miss
89 silly fetch manifest @babel/plugin-transform-react-jsx-self@^7.25.9
90 silly packumentCache full:https://registry.npmmirror.com/@babel%2fplugin-transform-react-jsx-self cache-miss
91 silly fetch manifest @babel/plugin-transform-react-jsx-source@^7.25.9
92 silly packumentCache full:https://registry.npmmirror.com/@babel%2fplugin-transform-react-jsx-source cache-miss
93 silly fetch manifest @types/babel__core@^7.20.5
94 silly packumentCache full:https://registry.npmmirror.com/@types%2fbabel__core cache-miss
95 silly fetch manifest react-refresh@^0.14.2
96 silly packumentCache full:https://registry.npmmirror.com/react-refresh cache-miss
97 silly fetch manifest esbuild@^0.24.2
98 silly packumentCache full:https://registry.npmmirror.com/esbuild cache-miss
99 silly fetch manifest postcss@^8.5.1
100 silly packumentCache full:https://registry.npmmirror.com/postcss cache-hit
101 silly fetch manifest rollup@^4.30.1
102 silly packumentCache full:https://registry.npmmirror.com/rollup cache-miss
103 silly fetch manifest fsevents@~2.3.3
104 silly packumentCache full:https://registry.npmmirror.com/fsevents cache-miss
105 silly fetch manifest loose-envify@^1.1.0
106 silly packumentCache full:https://registry.npmmirror.com/loose-envify cache-miss
107 silly fetch manifest loose-envify@^1.1.0
108 silly packumentCache full:https://registry.npmmirror.com/loose-envify cache-miss
109 silly fetch manifest scheduler@^0.23.2
110 silly packumentCache full:https://registry.npmmirror.com/scheduler cache-miss
111 http fetch GET 200 https://registry.npmmirror.com/@types%2fbabel__core 1891ms (cache revalidated)
112 silly packumentCache full:https://registry.npmmirror.com/@types%2fbabel__core set size:67843 disposed:false
113 http fetch GET 200 https://registry.npmmirror.com/@babel%2fplugin-transform-react-jsx-self 1893ms (cache revalidated)
114 silly packumentCache full:https://registry.npmmirror.com/@babel%2fplugin-transform-react-jsx-self set size:182240 disposed:false
115 http fetch GET 200 https://registry.npmmirror.com/react-refresh 2625ms (cache revalidated)
116 silly packumentCache full:https://registry.npmmirror.com/react-refresh set size:6157060 disposed:false
117 http fetch GET 200 https://registry.npmmirror.com/@babel%2fcore 2733ms (cache revalidated)
118 silly packumentCache full:https://registry.npmmirror.com/@babel%2fcore set size:716390 disposed:false
119 http fetch GET 200 https://registry.npmmirror.com/@babel%2fplugin-transform-react-jsx-source 2843ms (cache revalidated)
120 silly packumentCache full:https://registry.npmmirror.com/@babel%2fplugin-transform-react-jsx-source set size:184083 disposed:false
121 http fetch GET 200 https://registry.npmmirror.com/fsevents 3105ms (cache revalidated)
122 silly packumentCache full:https://registry.npmmirror.com/fsevents set size:122258 disposed:false
123 http fetch GET 200 https://registry.npmmirror.com/loose-envify 3107ms (cache revalidated)
124 silly packumentCache full:https://registry.npmmirror.com/loose-envify set size:11448 disposed:false
125 http fetch GET 200 https://registry.npmmirror.com/esbuild 3497ms (cache revalidated)
126 silly packumentCache full:https://registry.npmmirror.com/esbuild set size:1010140 disposed:false
127 http fetch GET 200 https://registry.npmmirror.com/scheduler 4103ms (cache revalidated)
128 silly packumentCache full:https://registry.npmmirror.com/scheduler set size:5311368 disposed:false
129 http fetch GET 200 https://registry.npmmirror.com/loose-envify 4136ms (cache revalidated)
130 silly packumentCache full:https://registry.npmmirror.com/loose-envify set size:11448 disposed:false
131 silly packumentCache full:https://registry.npmmirror.com/loose-envify dispose
132 http fetch GET 200 https://registry.npmmirror.com/rollup 5946ms (cache revalidated)
133 silly packumentCache full:https://registry.npmmirror.com/rollup set size:5961647 disposed:false
134 silly placeDep ROOT @babel/core@7.29.7 OK for: @vitejs/plugin-react@4.3.4 want: ^7.26.0
135 silly placeDep ROOT @babel/plugin-transform-react-jsx-self@7.29.7 OK for: @vitejs/plugin-react@4.3.4 want: ^7.25.9
136 silly placeDep ROOT @babel/plugin-transform-react-jsx-source@7.29.7 OK for: @vitejs/plugin-react@4.3.4 want: ^7.25.9
137 silly placeDep ROOT @types/babel__core@7.20.5 OK for: @vitejs/plugin-react@4.3.4 want: ^7.20.5
138 silly placeDep ROOT react-refresh@0.14.2 OK for: @vitejs/plugin-react@4.3.4 want: ^0.14.2
139 silly fetch manifest @babel/code-frame@^7.29.7
140 silly packumentCache full:https://registry.npmmirror.com/@babel%2fcode-frame cache-miss
141 silly fetch manifest @babel/generator@^7.29.7
142 silly packumentCache full:https://registry.npmmirror.com/@babel%2fgenerator cache-miss
143 silly fetch manifest @babel/helper-compilation-targets@^7.29.7
144 silly packumentCache full:https://registry.npmmirror.com/@babel%2fhelper-compilation-targets cache-miss
145 silly fetch manifest @babel/helper-module-transforms@^7.29.7
146 silly packumentCache full:https://registry.npmmirror.com/@babel%2fhelper-module-transforms cache-miss
147 silly fetch manifest @babel/helpers@^7.29.7
148 silly packumentCache full:https://registry.npmmirror.com/@babel%2fhelpers cache-miss
149 silly fetch manifest @babel/parser@^7.29.7
150 silly packumentCache full:https://registry.npmmirror.com/@babel%2fparser cache-miss
151 silly fetch manifest @babel/template@^7.29.7
152 silly packumentCache full:https://registry.npmmirror.com/@babel%2ftemplate cache-miss
153 silly fetch manifest @babel/traverse@^7.29.7
154 silly packumentCache full:https://registry.npmmirror.com/@babel%2ftraverse cache-miss
155 silly fetch manifest @babel/types@^7.29.7
156 silly packumentCache full:https://registry.npmmirror.com/@babel%2ftypes cache-miss
157 silly fetch manifest @jridgewell/remapping@^2.3.5
158 silly packumentCache full:https://registry.npmmirror.com/@jridgewell%2fremapping cache-miss
159 silly fetch manifest convert-source-map@^2.0.0
160 silly packumentCache full:https://registry.npmmirror.com/convert-source-map cache-miss
161 silly fetch manifest debug@^4.1.0
162 silly packumentCache full:https://registry.npmmirror.com/debug cache-miss
163 silly fetch manifest gensync@^1.0.0-beta.2
164 silly packumentCache full:https://registry.npmmirror.com/gensync cache-miss
165 silly fetch manifest json5@^2.2.3
166 silly packumentCache full:https://registry.npmmirror.com/json5 cache-miss
167 silly fetch manifest semver@^6.3.1
168 silly packumentCache full:https://registry.npmmirror.com/semver cache-miss
169 http fetch GET 200 https://registry.npmmirror.com/@babel%2fhelper-module-transforms 2438ms (cache revalidated)
170 silly packumentCache full:https://registry.npmmirror.com/@babel%2fhelper-module-transforms set size:313961 disposed:false
171 silly fetch manifest @babel/helper-plugin-utils@^7.29.7
172 silly packumentCache full:https://registry.npmmirror.com/@babel%2fhelper-plugin-utils cache-miss
173 http fetch GET 200 https://registry.npmmirror.com/@babel%2fhelper-compilation-targets 3107ms (cache revalidated)
174 silly packumentCache full:https://registry.npmmirror.com/@babel%2fhelper-compilation-targets set size:210078 disposed:false
175 silly fetch manifest @babel/helper-plugin-utils@^7.29.7
176 silly packumentCache full:https://registry.npmmirror.com/@babel%2fhelper-plugin-utils cache-miss
177 http fetch GET 200 https://registry.npmmirror.com/@babel%2fparser 3383ms (cache revalidated)
178 silly packumentCache full:https://registry.npmmirror.com/@babel%2fparser set size:645754 disposed:false
179 silly fetch manifest @babel/parser@^7.20.7
180 silly packumentCache full:https://registry.npmmirror.com/@babel%2fparser cache-hit
181 silly fetch manifest @babel/types@^7.20.7
182 silly packumentCache full:https://registry.npmmirror.com/@babel%2ftypes cache-miss
183 http fetch GET 200 https://registry.npmmirror.com/@babel%2fgenerator 3397ms (cache revalidated)
184 silly packumentCache full:https://registry.npmmirror.com/@babel%2fgenerator set size:456828 disposed:false
185 silly fetch manifest @types/babel__generator@*
186 silly packumentCache full:https://registry.npmmirror.com/@types%2fbabel__generator cache-miss
187 http fetch GET 200 https://registry.npmmirror.com/@babel%2ftypes 3552ms (cache revalidated)
188 silly packumentCache full:https://registry.npmmirror.com/@babel%2ftypes set size:435335 disposed:false
189 silly fetch manifest @types/babel__template@*
190 silly packumentCache full:https://registry.npmmirror.com/@types%2fbabel__template cache-miss
191 http fetch GET 200 https://registry.npmmirror.com/@babel%2fhelpers 3646ms (cache revalidated)
192 silly packumentCache full:https://registry.npmmirror.com/@babel%2fhelpers set size:353650 disposed:false
193 silly fetch manifest @types/babel__traverse@*
194 silly packumentCache full:https://registry.npmmirror.com/@types%2fbabel__traverse cache-miss
195 http fetch GET 200 https://registry.npmmirror.com/@babel%2ftemplate 3656ms (cache revalidated)
196 silly packumentCache full:https://registry.npmmirror.com/@babel%2ftemplate set size:211461 disposed:false
197 http fetch GET 200 https://registry.npmmirror.com/@babel%2ftraverse 3793ms (cache revalidated)
198 silly packumentCache full:https://registry.npmmirror.com/@babel%2ftraverse set size:506018 disposed:false
199 http fetch GET 200 https://registry.npmmirror.com/@babel%2fcode-frame 3886ms (cache revalidated)
200 silly packumentCache full:https://registry.npmmirror.com/@babel%2fcode-frame set size:191497 disposed:false
201 http fetch GET 200 https://registry.npmmirror.com/@jridgewell%2fremapping 4208ms (cache revalidated)
202 silly packumentCache full:https://registry.npmmirror.com/@jridgewell%2fremapping set size:24472 disposed:false
203 http fetch GET 200 https://registry.npmmirror.com/convert-source-map 4326ms (cache revalidated)
204 silly packumentCache full:https://registry.npmmirror.com/convert-source-map set size:64246 disposed:false
205 http fetch GET 200 https://registry.npmmirror.com/debug 4679ms (cache revalidated)
206 silly packumentCache full:https://registry.npmmirror.com/debug set size:163683 disposed:false
207 http fetch GET 200 https://registry.npmmirror.com/gensync 4681ms (cache revalidated)
208 silly packumentCache full:https://registry.npmmirror.com/gensync set size:12128 disposed:false
209 http fetch GET 200 https://registry.npmmirror.com/json5 4858ms (cache revalidated)
210 silly packumentCache full:https://registry.npmmirror.com/json5 set size:78995 disposed:false
211 http fetch GET 200 https://registry.npmmirror.com/semver 5115ms (cache revalidated)
212 silly packumentCache full:https://registry.npmmirror.com/semver set size:221721 disposed:false
213 http cache https://registry.npmmirror.com/@babel%2ftypes 1725ms (cache hit)
214 silly packumentCache full:https://registry.npmmirror.com/@babel%2ftypes set size:435335 disposed:false
215 silly packumentCache full:https://registry.npmmirror.com/@babel%2ftypes dispose
216 http fetch GET 200 https://registry.npmmirror.com/@types%2fbabel__generator 1910ms (cache revalidated)
217 silly packumentCache full:https://registry.npmmirror.com/@types%2fbabel__generator set size:26038 disposed:false
218 http fetch GET 200 https://registry.npmmirror.com/@babel%2fhelper-plugin-utils 3014ms (cache revalidated)
219 silly packumentCache full:https://registry.npmmirror.com/@babel%2fhelper-plugin-utils set size:162085 disposed:false
220 http fetch GET 200 https://registry.npmmirror.com/@babel%2fhelper-plugin-utils 2454ms (cache revalidated)
221 silly packumentCache full:https://registry.npmmirror.com/@babel%2fhelper-plugin-utils set size:162085 disposed:false
222 silly packumentCache full:https://registry.npmmirror.com/@babel%2fhelper-plugin-utils dispose
223 http fetch GET 200 https://registry.npmmirror.com/@types%2fbabel__template 2067ms (cache revalidated)
224 silly packumentCache full:https://registry.npmmirror.com/@types%2fbabel__template set size:17988 disposed:false
225 http fetch GET 200 https://registry.npmmirror.com/@types%2fbabel__traverse 2051ms (cache revalidated)
226 silly packumentCache full:https://registry.npmmirror.com/@types%2fbabel__traverse set size:89087 disposed:false
227 silly fetch manifest @babel/core@^7.0.0
228 silly packumentCache full:https://registry.npmmirror.com/@babel%2fcore cache-hit
229 silly placeDep ROOT @babel/code-frame@7.29.7 OK for: @babel/core@7.29.7 want: ^7.29.7
230 silly placeDep ROOT @babel/generator@7.29.7 OK for: @babel/core@7.29.7 want: ^7.29.7
231 silly placeDep ROOT @babel/helper-compilation-targets@7.29.7 OK for: @babel/core@7.29.7 want: ^7.29.7
232 silly placeDep ROOT @babel/helper-module-transforms@7.29.7 OK for: @babel/core@7.29.7 want: ^7.29.7
233 silly placeDep ROOT @babel/helpers@7.29.7 OK for: @babel/core@7.29.7 want: ^7.29.7
234 silly placeDep ROOT @babel/parser@7.29.7 OK for: @babel/core@7.29.7 want: ^7.29.7
235 silly placeDep ROOT @babel/template@7.29.7 OK for: @babel/core@7.29.7 want: ^7.29.7
236 silly placeDep ROOT @babel/traverse@7.29.7 OK for: @babel/core@7.29.7 want: ^7.29.7
237 silly placeDep ROOT @babel/types@7.29.7 OK for: @babel/core@7.29.7 want: ^7.29.7
238 silly placeDep ROOT @jridgewell/remapping@2.3.5 OK for: @babel/core@7.29.7 want: ^2.3.5
239 silly placeDep ROOT convert-source-map@2.0.0 OK for: @babel/core@7.29.7 want: ^2.0.0
240 silly placeDep ROOT debug@4.4.3 OK for: @babel/core@7.29.7 want: ^4.1.0
241 silly placeDep ROOT gensync@1.0.0-beta.2 OK for: @babel/core@7.29.7 want: ^1.0.0-beta.2
242 silly placeDep ROOT json5@2.2.3 OK for: @babel/core@7.29.7 want: ^2.2.3
243 silly placeDep ROOT semver@6.3.1 OK for: @babel/core@7.29.7 want: ^6.3.1
244 silly fetch manifest @babel/helper-validator-identifier@^7.29.7
245 silly packumentCache full:https://registry.npmmirror.com/@babel%2fhelper-validator-identifier cache-miss
246 silly fetch manifest js-tokens@^4.0.0
247 silly packumentCache full:https://registry.npmmirror.com/js-tokens cache-miss
248 silly fetch manifest picocolors@^1.1.1
249 silly packumentCache full:https://registry.npmmirror.com/picocolors cache-miss
250 silly fetch manifest @jridgewell/gen-mapping@^0.3.12
251 silly packumentCache full:https://registry.npmmirror.com/@jridgewell%2fgen-mapping cache-miss
252 silly fetch manifest @jridgewell/trace-mapping@^0.3.28
253 silly packumentCache full:https://registry.npmmirror.com/@jridgewell%2ftrace-mapping cache-miss
254 silly fetch manifest jsesc@^3.0.2
255 silly packumentCache full:https://registry.npmmirror.com/jsesc cache-miss
256 silly fetch manifest @babel/compat-data@^7.29.7
257 silly packumentCache full:https://registry.npmmirror.com/@babel%2fcompat-data cache-miss
258 silly fetch manifest @babel/helper-validator-option@^7.29.7
259 silly packumentCache full:https://registry.npmmirror.com/@babel%2fhelper-validator-option cache-miss
260 silly fetch manifest browserslist@^4.24.0
261 silly packumentCache full:https://registry.npmmirror.com/browserslist cache-miss
262 silly fetch manifest lru-cache@^5.1.1
263 silly packumentCache full:https://registry.npmmirror.com/lru-cache cache-miss
264 silly fetch manifest @babel/helper-module-imports@^7.29.7
265 silly packumentCache full:https://registry.npmmirror.com/@babel%2fhelper-module-imports cache-miss
266 silly fetch manifest @babel/helper-validator-identifier@^7.29.7
267 silly packumentCache full:https://registry.npmmirror.com/@babel%2fhelper-validator-identifier cache-miss
268 silly fetch manifest @babel/helper-globals@^7.29.7
269 silly packumentCache full:https://registry.npmmirror.com/@babel%2fhelper-globals cache-miss
270 silly fetch manifest debug@^4.3.1
271 silly packumentCache full:https://registry.npmmirror.com/debug cache-hit
272 silly fetch manifest @babel/helper-string-parser@^7.29.7
273 silly packumentCache full:https://registry.npmmirror.com/@babel%2fhelper-string-parser cache-miss
274 silly fetch manifest @babel/helper-validator-identifier@^7.29.7
275 silly packumentCache full:https://registry.npmmirror.com/@babel%2fhelper-validator-identifier cache-miss
276 http fetch GET 200 https://registry.npmmirror.com/js-tokens 584ms (cache miss)
277 silly packumentCache full:https://registry.npmmirror.com/js-tokens set size:9897 disposed:false
278 silly fetch manifest @jridgewell/gen-mapping@^0.3.5
279 silly packumentCache full:https://registry.npmmirror.com/@jridgewell%2fgen-mapping cache-miss
280 http fetch GET 200 https://registry.npmmirror.com/@jridgewell%2fgen-mapping 805ms (cache miss)
281 silly packumentCache full:https://registry.npmmirror.com/@jridgewell%2fgen-mapping set size:18327 disposed:false
282 silly fetch manifest @jridgewell/trace-mapping@^0.3.24
283 silly packumentCache full:https://registry.npmmirror.com/@jridgewell%2ftrace-mapping cache-miss
284 http fetch GET 200 https://registry.npmmirror.com/jsesc 916ms (cache miss)
285 silly packumentCache full:https://registry.npmmirror.com/jsesc set size:12774 disposed:false
286 silly fetch manifest ms@^2.1.3
287 silly packumentCache full:https://registry.npmmirror.com/ms cache-miss
288 http fetch GET 200 https://registry.npmmirror.com/@babel%2fhelper-globals 1740ms (cache miss)
289 silly packumentCache full:https://registry.npmmirror.com/@babel%2fhelper-globals set size:5076 disposed:false
290 http fetch GET 200 https://registry.npmmirror.com/picocolors 2160ms (cache revalidated)
291 silly packumentCache full:https://registry.npmmirror.com/picocolors set size:15692 disposed:false
292 http fetch GET 200 https://registry.npmmirror.com/@babel%2fhelper-validator-identifier 2216ms (cache miss)
293 silly packumentCache full:https://registry.npmmirror.com/@babel%2fhelper-validator-identifier set size:25335 disposed:false
294 http fetch GET 200 https://registry.npmmirror.com/@babel%2fhelper-string-parser 2214ms (cache miss)
295 silly packumentCache full:https://registry.npmmirror.com/@babel%2fhelper-string-parser set size:21224 disposed:false
296 http fetch GET 200 https://registry.npmmirror.com/@babel%2fhelper-validator-option 2318ms (cache miss)
297 silly packumentCache full:https://registry.npmmirror.com/@babel%2fhelper-validator-option set size:22246 disposed:false
298 http fetch GET 200 https://registry.npmmirror.com/@babel%2fhelper-validator-identifier 2380ms (cache miss)
299 silly packumentCache full:https://registry.npmmirror.com/@babel%2fhelper-validator-identifier set size:25335 disposed:false
300 silly packumentCache full:https://registry.npmmirror.com/@babel%2fhelper-validator-identifier dispose
301 http fetch GET 200 https://registry.npmmirror.com/@babel%2fhelper-validator-identifier 2385ms (cache miss)
302 silly packumentCache full:https://registry.npmmirror.com/@babel%2fhelper-validator-identifier set size:25335 disposed:true
303 silly packumentCache full:https://registry.npmmirror.com/@babel%2fhelper-validator-identifier dispose
304 http fetch GET 200 https://registry.npmmirror.com/@jridgewell%2ftrace-mapping 2387ms (cache miss)
305 silly packumentCache full:https://registry.npmmirror.com/@jridgewell%2ftrace-mapping set size:40595 disposed:false
306 http cache https://registry.npmmirror.com/@jridgewell%2fgen-mapping 1898ms (cache hit)
307 silly packumentCache full:https://registry.npmmirror.com/@jridgewell%2fgen-mapping set size:86323 disposed:false
308 silly packumentCache full:https://registry.npmmirror.com/@jridgewell%2fgen-mapping dispose
309 http fetch GET 200 https://registry.npmmirror.com/@babel%2fhelper-module-imports 2483ms (cache miss)
310 silly packumentCache full:https://registry.npmmirror.com/@babel%2fhelper-module-imports set size:34872 disposed:false
311 http fetch GET 200 https://registry.npmmirror.com/@babel%2fcompat-data 2938ms (cache miss)
312 silly packumentCache full:https://registry.npmmirror.com/@babel%2fcompat-data set size:56966 disposed:false
313 http fetch GET 200 https://registry.npmmirror.com/@jridgewell%2ftrace-mapping 2225ms (cache miss)
314 silly packumentCache full:https://registry.npmmirror.com/@jridgewell%2ftrace-mapping set size:40595 disposed:false
315 silly packumentCache full:https://registry.npmmirror.com/@jridgewell%2ftrace-mapping dispose
316 http fetch GET 200 https://registry.npmmirror.com/lru-cache 3176ms (cache miss)
317 silly packumentCache full:https://registry.npmmirror.com/lru-cache set size:107144 disposed:false
318 http fetch GET 200 https://registry.npmmirror.com/ms 2343ms (cache miss)
319 silly packumentCache full:https://registry.npmmirror.com/ms set size:15985 disposed:false
320 http fetch GET 200 https://registry.npmmirror.com/browserslist 3291ms (cache miss)
321 silly packumentCache full:https://registry.npmmirror.com/browserslist set size:74831 disposed:false
322 silly placeDep ROOT @babel/helper-validator-identifier@7.29.7 OK for: @babel/code-frame@7.29.7 want: ^7.29.7
323 silly placeDep ROOT js-tokens@4.0.0 OK for: @babel/code-frame@7.29.7 want: ^4.0.0
324 silly placeDep ROOT picocolors@1.1.1 OK for: @babel/code-frame@7.29.7 want: ^1.1.1
325 silly placeDep ROOT @jridgewell/gen-mapping@0.3.13 OK for: @babel/generator@7.29.7 want: ^0.3.12
326 silly placeDep ROOT @jridgewell/trace-mapping@0.3.31 OK for: @babel/generator@7.29.7 want: ^0.3.28
327 silly placeDep ROOT jsesc@3.1.0 OK for: @babel/generator@7.29.7 want: ^3.0.2
328 silly fetch manifest @jridgewell/sourcemap-codec@^1.5.0
329 silly packumentCache full:https://registry.npmmirror.com/@jridgewell%2fsourcemap-codec cache-miss
330 silly fetch manifest @jridgewell/resolve-uri@^3.1.0
331 silly packumentCache full:https://registry.npmmirror.com/@jridgewell%2fresolve-uri cache-miss
332 silly fetch manifest @jridgewell/sourcemap-codec@^1.4.14
333 silly packumentCache full:https://registry.npmmirror.com/@jridgewell%2fsourcemap-codec cache-miss
334 http fetch GET 200 https://registry.npmmirror.com/@jridgewell%2fresolve-uri 497ms (cache miss)
335 silly packumentCache full:https://registry.npmmirror.com/@jridgewell%2fresolve-uri set size:14497 disposed:false
336 http fetch GET 200 https://registry.npmmirror.com/@jridgewell%2fsourcemap-codec 739ms (cache miss)
337 silly packumentCache full:https://registry.npmmirror.com/@jridgewell%2fsourcemap-codec set size:15018 disposed:false
338 http fetch GET 200 https://registry.npmmirror.com/@jridgewell%2fsourcemap-codec 741ms (cache miss)
339 silly packumentCache full:https://registry.npmmirror.com/@jridgewell%2fsourcemap-codec set size:15018 disposed:false
340 silly packumentCache full:https://registry.npmmirror.com/@jridgewell%2fsourcemap-codec dispose
341 silly placeDep ROOT @babel/compat-data@7.29.7 OK for: @babel/helper-compilation-targets@7.29.7 want: ^7.29.7
342 silly placeDep ROOT @babel/helper-validator-option@7.29.7 OK for: @babel/helper-compilation-targets@7.29.7 want: ^7.29.7
343 silly placeDep ROOT browserslist@4.28.2 OK for: @babel/helper-compilation-targets@7.29.7 want: ^4.24.0
344 silly placeDep ROOT lru-cache@5.1.1 OK for: @babel/helper-compilation-targets@7.29.7 want: ^5.1.1
345 silly fetch manifest baseline-browser-mapping@^2.10.12
346 silly packumentCache full:https://registry.npmmirror.com/baseline-browser-mapping cache-miss
347 silly fetch manifest caniuse-lite@^1.0.30001782
348 silly packumentCache full:https://registry.npmmirror.com/caniuse-lite cache-miss
349 silly fetch manifest electron-to-chromium@^1.5.328
350 silly packumentCache full:https://registry.npmmirror.com/electron-to-chromium cache-miss
351 silly fetch manifest node-releases@^2.0.36
352 silly packumentCache full:https://registry.npmmirror.com/node-releases cache-miss
353 silly fetch manifest update-browserslist-db@^1.2.3
354 silly packumentCache full:https://registry.npmmirror.com/update-browserslist-db cache-miss
355 silly fetch manifest yallist@^3.0.2
356 silly packumentCache full:https://registry.npmmirror.com/yallist cache-miss
357 http fetch GET 200 https://registry.npmmirror.com/yallist 704ms (cache miss)
358 silly packumentCache full:https://registry.npmmirror.com/yallist set size:7662 disposed:false
359 http fetch GET 200 https://registry.npmmirror.com/update-browserslist-db 738ms (cache miss)
360 silly packumentCache full:https://registry.npmmirror.com/update-browserslist-db set size:17723 disposed:false
361 http fetch GET 200 https://registry.npmmirror.com/node-releases 1362ms (cache miss)
362 silly packumentCache full:https://registry.npmmirror.com/node-releases set size:41257 disposed:false
363 http fetch GET 200 https://registry.npmmirror.com/baseline-browser-mapping 2014ms (cache miss)
364 silly packumentCache full:https://registry.npmmirror.com/baseline-browser-mapping set size:70295 disposed:false
365 http fetch GET 200 https://registry.npmmirror.com/caniuse-lite 2314ms (cache miss)
366 silly packumentCache full:https://registry.npmmirror.com/caniuse-lite set size:366723 disposed:false
367 http fetch GET 200 https://registry.npmmirror.com/electron-to-chromium 2347ms (cache miss)
368 silly packumentCache full:https://registry.npmmirror.com/electron-to-chromium set size:819652 disposed:false
369 silly placeDep ROOT @babel/helper-module-imports@7.29.7 OK for: @babel/helper-module-transforms@7.29.7 want: ^7.29.7
370 silly placeDep ROOT @babel/helper-plugin-utils@7.29.7 OK for: @babel/plugin-transform-react-jsx-self@7.29.7 want: ^7.29.7
371 silly placeDep ROOT @babel/helper-globals@7.29.7 OK for: @babel/traverse@7.29.7 want: ^7.29.7
372 silly placeDep ROOT @babel/helper-string-parser@7.29.7 OK for: @babel/types@7.29.7 want: ^7.29.7
373 silly placeDep ROOT @jridgewell/sourcemap-codec@1.5.5 OK for: @jridgewell/gen-mapping@0.3.13 want: ^1.5.0
374 silly placeDep ROOT @jridgewell/resolve-uri@3.1.2 OK for: @jridgewell/trace-mapping@0.3.31 want: ^3.1.0
375 silly placeDep ROOT @types/babel__generator@7.27.0 OK for: @types/babel__core@7.20.5 want: *
376 silly placeDep ROOT @types/babel__template@7.4.4 OK for: @types/babel__core@7.20.5 want: *
377 silly placeDep ROOT @types/babel__traverse@7.28.0 OK for: @types/babel__core@7.20.5 want: *
378 silly fetch manifest browserslist@>= 4.21.0
379 silly packumentCache full:https://registry.npmmirror.com/browserslist cache-hit
380 silly placeDep ROOT baseline-browser-mapping@2.10.38 OK for: browserslist@4.28.2 want: ^2.10.12
381 silly placeDep ROOT caniuse-lite@1.0.30001799 OK for: browserslist@4.28.2 want: ^1.0.30001782
382 silly placeDep ROOT electron-to-chromium@1.5.376 OK for: browserslist@4.28.2 want: ^1.5.328
383 silly placeDep ROOT node-releases@2.0.48 OK for: browserslist@4.28.2 want: ^2.0.36
384 silly placeDep ROOT update-browserslist-db@1.2.3 OK for: browserslist@4.28.2 want: ^1.2.3
385 silly fetch manifest escalade@^3.2.0
386 silly packumentCache full:https://registry.npmmirror.com/escalade cache-miss
387 http fetch GET 200 https://registry.npmmirror.com/escalade 552ms (cache miss)
388 silly packumentCache full:https://registry.npmmirror.com/escalade set size:6820 disposed:false
389 silly placeDep ROOT ms@2.1.3 OK for: debug@4.4.3 want: ^2.1.3
390 silly placeDep ROOT yallist@3.1.1 OK for: lru-cache@5.1.1 want: ^3.0.2
391 silly placeDep ROOT loose-envify@1.4.0 OK for: react@18.3.1 want: ^1.1.0
392 silly placeDep ROOT scheduler@0.23.2 OK for: react-dom@18.3.1 want: ^0.23.2
393 silly placeDep ROOT escalade@3.2.0 OK for: update-browserslist-db@1.2.3 want: ^3.2.0
394 silly placeDep ROOT esbuild@0.24.2 OK for: vite@6.1.0 want: ^0.24.2
395 silly placeDep ROOT fsevents@2.3.3 OK for: vite@6.1.0 want: ~2.3.3
396 silly placeDep ROOT postcss@8.5.15 OK for: vite@6.1.0 want: ^8.5.1
397 silly placeDep ROOT rollup@4.62.2 OK for: vite@6.1.0 want: ^4.30.1
398 silly fetch manifest @esbuild/aix-ppc64@0.24.2
399 silly packumentCache full:https://registry.npmmirror.com/@esbuild%2faix-ppc64 cache-miss
400 silly fetch manifest @esbuild/android-arm@0.24.2
401 silly packumentCache full:https://registry.npmmirror.com/@esbuild%2fandroid-arm cache-miss
402 silly fetch manifest @esbuild/android-arm64@0.24.2
403 silly packumentCache full:https://registry.npmmirror.com/@esbuild%2fandroid-arm64 cache-miss
404 silly fetch manifest @esbuild/android-x64@0.24.2
405 silly packumentCache full:https://registry.npmmirror.com/@esbuild%2fandroid-x64 cache-miss
406 silly fetch manifest @esbuild/darwin-arm64@0.24.2
407 silly packumentCache full:https://registry.npmmirror.com/@esbuild%2fdarwin-arm64 cache-miss
408 silly fetch manifest @esbuild/darwin-x64@0.24.2
409 silly packumentCache full:https://registry.npmmirror.com/@esbuild%2fdarwin-x64 cache-miss
410 silly fetch manifest @esbuild/freebsd-arm64@0.24.2
411 silly packumentCache full:https://registry.npmmirror.com/@esbuild%2ffreebsd-arm64 cache-miss
412 silly fetch manifest @esbuild/freebsd-x64@0.24.2
413 silly packumentCache full:https://registry.npmmirror.com/@esbuild%2ffreebsd-x64 cache-miss
414 silly fetch manifest @esbuild/linux-arm@0.24.2
415 silly packumentCache full:https://registry.npmmirror.com/@esbuild%2flinux-arm cache-miss
416 silly fetch manifest @esbuild/linux-arm64@0.24.2
417 silly packumentCache full:https://registry.npmmirror.com/@esbuild%2flinux-arm64 cache-miss
418 silly fetch manifest @esbuild/linux-ia32@0.24.2
419 silly packumentCache full:https://registry.npmmirror.com/@esbuild%2flinux-ia32 cache-miss
420 silly fetch manifest @esbuild/linux-loong64@0.24.2
421 silly packumentCache full:https://registry.npmmirror.com/@esbuild%2flinux-loong64 cache-miss
422 silly fetch manifest @esbuild/linux-mips64el@0.24.2
423 silly packumentCache full:https://registry.npmmirror.com/@esbuild%2flinux-mips64el cache-miss
424 silly fetch manifest @esbuild/linux-ppc64@0.24.2
425 silly packumentCache full:https://registry.npmmirror.com/@esbuild%2flinux-ppc64 cache-miss
426 silly fetch manifest @esbuild/linux-riscv64@0.24.2
427 silly packumentCache full:https://registry.npmmirror.com/@esbuild%2flinux-riscv64 cache-miss
428 http fetch GET 200 https://registry.npmmirror.com/@esbuild%2flinux-ppc64 1842ms (cache miss)
429 silly packumentCache full:https://registry.npmmirror.com/@esbuild%2flinux-ppc64 set size:60121 disposed:false
430 silly fetch manifest @esbuild/linux-s390x@0.24.2
431 silly packumentCache full:https://registry.npmmirror.com/@esbuild%2flinux-s390x cache-miss
432 http fetch GET 200 https://registry.npmmirror.com/@esbuild%2fdarwin-arm64 2137ms (cache miss)
433 silly packumentCache full:https://registry.npmmirror.com/@esbuild%2fdarwin-arm64 set size:60532 disposed:false
434 silly fetch manifest @esbuild/linux-x64@0.24.2
435 silly packumentCache full:https://registry.npmmirror.com/@esbuild%2flinux-x64 cache-miss
436 http fetch GET 200 https://registry.npmmirror.com/@esbuild%2flinux-loong64 2139ms (cache miss)
437 silly packumentCache full:https://registry.npmmirror.com/@esbuild%2flinux-loong64 set size:79758 disposed:false
438 silly fetch manifest @esbuild/netbsd-arm64@0.24.2
439 silly packumentCache full:https://registry.npmmirror.com/@esbuild%2fnetbsd-arm64 cache-miss
440 http fetch GET 200 https://registry.npmmirror.com/@esbuild%2fandroid-x64 2142ms (cache miss)
441 silly packumentCache full:https://registry.npmmirror.com/@esbuild%2fandroid-x64 set size:60271 disposed:false
442 silly fetch manifest @esbuild/netbsd-x64@0.24.2
443 silly packumentCache full:https://registry.npmmirror.com/@esbuild%2fnetbsd-x64 cache-miss
444 http fetch GET 200 https://registry.npmmirror.com/@esbuild%2fandroid-arm64 2322ms (cache miss)
445 silly packumentCache full:https://registry.npmmirror.com/@esbuild%2fandroid-arm64 set size:60900 disposed:false
446 silly fetch manifest @esbuild/openbsd-arm64@0.24.2
447 silly packumentCache full:https://registry.npmmirror.com/@esbuild%2fopenbsd-arm64 cache-miss
448 http fetch GET 200 https://registry.npmmirror.com/@esbuild%2ffreebsd-arm64 2565ms (cache miss)
449 silly packumentCache full:https://registry.npmmirror.com/@esbuild%2ffreebsd-arm64 set size:60088 disposed:false
450 silly fetch manifest @esbuild/openbsd-x64@0.24.2
451 silly packumentCache full:https://registry.npmmirror.com/@esbuild%2fopenbsd-x64 cache-miss
452 http fetch GET 200 https://registry.npmmirror.com/@esbuild%2fandroid-arm 2705ms (cache miss)
453 silly packumentCache full:https://registry.npmmirror.com/@esbuild%2fandroid-arm set size:70421 disposed:false
454 silly fetch manifest @esbuild/sunos-x64@0.24.2
455 silly packumentCache full:https://registry.npmmirror.com/@esbuild%2fsunos-x64 cache-miss
456 http fetch GET 200 https://registry.npmmirror.com/@esbuild%2flinux-ia32 2810ms (cache miss)
457 silly packumentCache full:https://registry.npmmirror.com/@esbuild%2flinux-ia32 set size:60380 disposed:false
458 silly fetch manifest @esbuild/win32-arm64@0.24.2
459 silly packumentCache full:https://registry.npmmirror.com/@esbuild%2fwin32-arm64 cache-miss
460 http fetch GET 200 https://registry.npmmirror.com/@esbuild%2faix-ppc64 2816ms (cache miss)
461 silly packumentCache full:https://registry.npmmirror.com/@esbuild%2faix-ppc64 set size:15785 disposed:false
462 silly fetch manifest @esbuild/win32-ia32@0.24.2
463 silly packumentCache full:https://registry.npmmirror.com/@esbuild%2fwin32-ia32 cache-miss
464 http fetch GET 200 https://registry.npmmirror.com/@esbuild%2flinux-arm 2903ms (cache miss)
465 silly packumentCache full:https://registry.npmmirror.com/@esbuild%2flinux-arm set size:59680 disposed:false
466 silly fetch manifest @esbuild/win32-x64@0.24.2
467 silly packumentCache full:https://registry.npmmirror.com/@esbuild%2fwin32-x64 cache-miss
468 http fetch GET 200 https://registry.npmmirror.com/@esbuild%2flinux-arm64 2995ms (cache miss)
469 silly packumentCache full:https://registry.npmmirror.com/@esbuild%2flinux-arm64 set size:60136 disposed:false
470 silly fetch manifest nanoid@^3.3.12
471 silly packumentCache full:https://registry.npmmirror.com/nanoid cache-miss
472 http fetch GET 200 https://registry.npmmirror.com/@esbuild%2flinux-mips64el 3126ms (cache miss)
473 silly packumentCache full:https://registry.npmmirror.com/@esbuild%2flinux-mips64el set size:60397 disposed:false
474 silly fetch manifest source-map-js@^1.2.1
475 silly packumentCache full:https://registry.npmmirror.com/source-map-js cache-miss
476 http fetch GET 200 https://registry.npmmirror.com/@esbuild%2fdarwin-x64 3158ms (cache miss)
477 silly packumentCache full:https://registry.npmmirror.com/@esbuild%2fdarwin-x64 set size:60184 disposed:false
478 silly fetch manifest @types/estree@1.0.9
479 silly packumentCache full:https://registry.npmmirror.com/@types%2festree cache-miss
480 http fetch GET 200 https://registry.npmmirror.com/@esbuild%2ffreebsd-x64 3159ms (cache miss)
481 silly packumentCache full:https://registry.npmmirror.com/@esbuild%2ffreebsd-x64 set size:60409 disposed:false
482 silly fetch manifest @rollup/rollup-darwin-arm64@4.62.2
483 silly packumentCache full:https://registry.npmmirror.com/@rollup%2frollup-darwin-arm64 cache-miss
484 http fetch GET 200 https://registry.npmmirror.com/@esbuild%2flinux-riscv64 3298ms (cache miss)
485 silly packumentCache full:https://registry.npmmirror.com/@esbuild%2flinux-riscv64 set size:60289 disposed:false
486 silly fetch manifest @rollup/rollup-android-arm64@4.62.2
487 silly packumentCache full:https://registry.npmmirror.com/@rollup%2frollup-android-arm64 cache-miss
488 http fetch GET 200 https://registry.npmmirror.com/@esbuild%2fnetbsd-arm64 2635ms (cache miss)
489 silly packumentCache full:https://registry.npmmirror.com/@esbuild%2fnetbsd-arm64 set size:10184 disposed:false
490 silly fetch manifest @rollup/rollup-win32-arm64-msvc@4.62.2
491 silly packumentCache full:https://registry.npmmirror.com/@rollup%2frollup-win32-arm64-msvc cache-miss
492 http fetch GET 200 https://registry.npmmirror.com/@esbuild%2flinux-s390x 3630ms (cache miss)
493 silly packumentCache full:https://registry.npmmirror.com/@esbuild%2flinux-s390x set size:60325 disposed:false
494 silly fetch manifest @rollup/rollup-freebsd-arm64@4.62.2
495 silly packumentCache full:https://registry.npmmirror.com/@rollup%2frollup-freebsd-arm64 cache-miss
496 http fetch GET 200 https://registry.npmmirror.com/@esbuild%2fopenbsd-arm64 3372ms (cache miss)
497 silly packumentCache full:https://registry.npmmirror.com/@esbuild%2fopenbsd-arm64 set size:11367 disposed:false
498 silly fetch manifest @rollup/rollup-linux-arm64-gnu@4.62.2
499 silly packumentCache full:https://registry.npmmirror.com/@rollup%2frollup-linux-arm64-gnu cache-miss
500 http fetch GET 200 https://registry.npmmirror.com/@types%2festree 2783ms (cache miss)
501 silly packumentCache full:https://registry.npmmirror.com/@types%2festree set size:16478 disposed:false
502 silly fetch manifest @rollup/rollup-linux-arm64-musl@4.62.2
503 silly packumentCache full:https://registry.npmmirror.com/@rollup%2frollup-linux-arm64-musl cache-miss
504 http fetch GET 200 https://registry.npmmirror.com/@esbuild%2fnetbsd-x64 3870ms (cache miss)
505 silly packumentCache full:https://registry.npmmirror.com/@esbuild%2fnetbsd-x64 set size:60463 disposed:false
506 silly fetch manifest @rollup/rollup-android-arm-eabi@4.62.2
507 silly packumentCache full:https://registry.npmmirror.com/@rollup%2frollup-android-arm-eabi cache-miss
508 http fetch GET 200 https://registry.npmmirror.com/@esbuild%2flinux-x64 3987ms (cache miss)
509 silly packumentCache full:https://registry.npmmirror.com/@esbuild%2flinux-x64 set size:60112 disposed:false
510 silly fetch manifest @rollup/rollup-linux-arm-gnueabihf@4.62.2
511 silly packumentCache full:https://registry.npmmirror.com/@rollup%2frollup-linux-arm-gnueabihf cache-miss
512 http fetch GET 200 https://registry.npmmirror.com/@esbuild%2fsunos-x64 3465ms (cache miss)
513 silly packumentCache full:https://registry.npmmirror.com/@esbuild%2fsunos-x64 set size:60322 disposed:false
514 silly fetch manifest @rollup/rollup-linux-arm-musleabihf@4.62.2
515 silly packumentCache full:https://registry.npmmirror.com/@rollup%2frollup-linux-arm-musleabihf cache-miss
516 http fetch GET 200 https://registry.npmmirror.com/@esbuild%2fopenbsd-x64 3607ms (cache miss)
517 silly packumentCache full:https://registry.npmmirror.com/@esbuild%2fopenbsd-x64 set size:60346 disposed:false
518 silly fetch manifest @rollup/rollup-win32-ia32-msvc@4.62.2
519 silly packumentCache full:https://registry.npmmirror.com/@rollup%2frollup-win32-ia32-msvc cache-miss
520 http fetch GET 200 https://registry.npmmirror.com/nanoid 3330ms (cache revalidated)
521 silly packumentCache full:https://registry.npmmirror.com/nanoid set size:264299 disposed:false
522 silly fetch manifest @rollup/rollup-linux-loong64-gnu@4.62.2
523 silly packumentCache full:https://registry.npmmirror.com/@rollup%2frollup-linux-loong64-gnu cache-miss
524 http fetch GET 200 https://registry.npmmirror.com/source-map-js 3204ms (cache revalidated)
525 silly packumentCache full:https://registry.npmmirror.com/source-map-js set size:61050 disposed:false
526 silly fetch manifest @rollup/rollup-linux-loong64-musl@4.62.2
527 silly packumentCache full:https://registry.npmmirror.com/@rollup%2frollup-linux-loong64-musl cache-miss
528 http fetch GET 200 https://registry.npmmirror.com/@esbuild%2fwin32-arm64 3901ms (cache miss)
529 silly packumentCache full:https://registry.npmmirror.com/@esbuild%2fwin32-arm64 set size:60312 disposed:false
530 silly fetch manifest @rollup/rollup-linux-riscv64-gnu@4.62.2
531 silly packumentCache full:https://registry.npmmirror.com/@rollup%2frollup-linux-riscv64-gnu cache-miss
532 http fetch GET 200 https://registry.npmmirror.com/@esbuild%2fwin32-ia32 3901ms (cache miss)
533 silly packumentCache full:https://registry.npmmirror.com/@esbuild%2fwin32-ia32 set size:60821 disposed:false
534 silly fetch manifest @rollup/rollup-linux-riscv64-musl@4.62.2
535 silly packumentCache full:https://registry.npmmirror.com/@rollup%2frollup-linux-riscv64-musl cache-miss
536 http fetch GET 200 https://registry.npmmirror.com/@esbuild%2fwin32-x64 3986ms (cache miss)
537 silly packumentCache full:https://registry.npmmirror.com/@esbuild%2fwin32-x64 set size:60249 disposed:false
538 silly fetch manifest @rollup/rollup-linux-ppc64-gnu@4.62.2
539 silly packumentCache full:https://registry.npmmirror.com/@rollup%2frollup-linux-ppc64-gnu cache-miss
540 http fetch GET 200 https://registry.npmmirror.com/@rollup%2frollup-darwin-arm64 4277ms (cache miss)
541 silly packumentCache full:https://registry.npmmirror.com/@rollup%2frollup-darwin-arm64 set size:71201 disposed:false
542 silly fetch manifest @rollup/rollup-linux-ppc64-musl@4.62.2
543 silly packumentCache full:https://registry.npmmirror.com/@rollup%2frollup-linux-ppc64-musl cache-miss
544 http fetch GET 200 https://registry.npmmirror.com/@rollup%2frollup-android-arm64 4168ms (cache miss)
545 silly packumentCache full:https://registry.npmmirror.com/@rollup%2frollup-android-arm64 set size:71420 disposed:false
546 silly fetch manifest @rollup/rollup-linux-s390x-gnu@4.62.2
547 silly packumentCache full:https://registry.npmmirror.com/@rollup%2frollup-linux-s390x-gnu cache-miss
548 http fetch GET 200 https://registry.npmmirror.com/@rollup%2frollup-linux-loong64-gnu 1202ms (cache miss)
549 silly packumentCache full:https://registry.npmmirror.com/@rollup%2frollup-linux-loong64-gnu set size:15017 disposed:false
550 silly fetch manifest @rollup/rollup-darwin-x64@4.62.2
551 silly packumentCache full:https://registry.npmmirror.com/@rollup%2frollup-darwin-x64 cache-miss
552 http fetch GET 200 https://registry.npmmirror.com/@rollup%2frollup-freebsd-arm64 2331ms (cache miss)
553 silly packumentCache full:https://registry.npmmirror.com/@rollup%2frollup-freebsd-arm64 set size:40516 disposed:false
554 silly fetch manifest @rollup/rollup-win32-x64-gnu@4.62.2
555 silly packumentCache full:https://registry.npmmirror.com/@rollup%2frollup-win32-x64-gnu cache-miss
556 http fetch GET 200 https://registry.npmmirror.com/@rollup%2frollup-linux-loong64-musl 1795ms (cache miss)
557 silly packumentCache full:https://registry.npmmirror.com/@rollup%2frollup-linux-loong64-musl set size:8343 disposed:false
558 silly fetch manifest @rollup/rollup-win32-x64-msvc@4.62.2
559 silly packumentCache full:https://registry.npmmirror.com/@rollup%2frollup-win32-x64-msvc cache-miss
560 http fetch GET 200 https://registry.npmmirror.com/@rollup%2frollup-win32-arm64-msvc 3418ms (cache miss)
561 silly packumentCache full:https://registry.npmmirror.com/@rollup%2frollup-win32-arm64-msvc set size:71724 disposed:false
562 silly fetch manifest @rollup/rollup-freebsd-x64@4.62.2
563 silly packumentCache full:https://registry.npmmirror.com/@rollup%2frollup-freebsd-x64 cache-miss
564 http fetch GET 200 https://registry.npmmirror.com/@rollup%2frollup-linux-riscv64-musl 1518ms (cache miss)
565 silly packumentCache full:https://registry.npmmirror.com/@rollup%2frollup-linux-riscv64-musl set size:24636 disposed:false
566 silly fetch manifest @rollup/rollup-linux-x64-gnu@4.62.2
567 silly packumentCache full:https://registry.npmmirror.com/@rollup%2frollup-linux-x64-gnu cache-miss
568 http fetch GET 200 https://registry.npmmirror.com/@rollup%2frollup-linux-arm64-musl 2305ms (cache miss)
569 silly packumentCache full:https://registry.npmmirror.com/@rollup%2frollup-linux-arm64-musl set size:62572 disposed:false
570 silly fetch manifest @rollup/rollup-linux-x64-musl@4.62.2
571 silly packumentCache full:https://registry.npmmirror.com/@rollup%2frollup-linux-x64-musl cache-miss
572 http fetch GET 200 https://registry.npmmirror.com/@rollup%2frollup-linux-arm-musleabihf 2093ms (cache miss)
573 silly packumentCache full:https://registry.npmmirror.com/@rollup%2frollup-linux-arm-musleabihf set size:50972 disposed:false
574 silly fetch manifest @rollup/rollup-openbsd-x64@4.62.2
575 silly packumentCache full:https://registry.npmmirror.com/@rollup%2frollup-openbsd-x64 cache-miss
576 http fetch GET 200 https://registry.npmmirror.com/@rollup%2frollup-linux-ppc64-gnu 1378ms (cache miss)
577 silly packumentCache full:https://registry.npmmirror.com/@rollup%2frollup-linux-ppc64-gnu set size:19599 disposed:false
578 silly fetch manifest @rollup/rollup-openharmony-arm64@4.62.2
579 silly packumentCache full:https://registry.npmmirror.com/@rollup%2frollup-openharmony-arm64 cache-miss
580 http fetch GET 200 https://registry.npmmirror.com/@rollup%2frollup-linux-arm64-gnu 2576ms (cache miss)
581 silly packumentCache full:https://registry.npmmirror.com/@rollup%2frollup-linux-arm64-gnu set size:71553 disposed:false
582 http fetch GET 200 https://registry.npmmirror.com/@rollup%2frollup-linux-arm-gnueabihf 2148ms (cache miss)
583 silly packumentCache full:https://registry.npmmirror.com/@rollup%2frollup-linux-arm-gnueabihf set size:71969 disposed:false
584 http fetch GET 200 https://registry.npmmirror.com/@rollup%2frollup-win32-ia32-msvc 2102ms (cache miss)
585 silly packumentCache full:https://registry.npmmirror.com/@rollup%2frollup-win32-ia32-msvc set size:71846 disposed:false
586 http fetch GET 200 https://registry.npmmirror.com/@rollup%2frollup-linux-riscv64-gnu 1570ms (cache miss)
587 silly packumentCache full:https://registry.npmmirror.com/@rollup%2frollup-linux-riscv64-gnu set size:56647 disposed:false
588 http fetch GET 200 https://registry.npmmirror.com/@rollup%2frollup-android-arm-eabi 2295ms (cache miss)
589 silly packumentCache full:https://registry.npmmirror.com/@rollup%2frollup-android-arm-eabi set size:71657 disposed:false
590 http fetch GET 200 https://registry.npmmirror.com/@rollup%2frollup-win32-x64-gnu 516ms (cache miss)
591 silly packumentCache full:https://registry.npmmirror.com/@rollup%2frollup-win32-x64-gnu set size:13950 disposed:false
592 http fetch GET 200 https://registry.npmmirror.com/@rollup%2frollup-linux-ppc64-musl 885ms (cache miss)
593 silly packumentCache full:https://registry.npmmirror.com/@rollup%2frollup-linux-ppc64-musl set size:8442 disposed:false
594 http fetch GET 200 https://registry.npmmirror.com/@rollup%2frollup-linux-s390x-gnu 1009ms (cache miss)
595 silly packumentCache full:https://registry.npmmirror.com/@rollup%2frollup-linux-s390x-gnu set size:51932 disposed:false
596 http fetch GET 200 https://registry.npmmirror.com/@rollup%2frollup-darwin-x64 1142ms (cache miss)
597 silly packumentCache full:https://registry.npmmirror.com/@rollup%2frollup-darwin-x64 set size:70812 disposed:false
598 http fetch GET 200 https://registry.npmmirror.com/@rollup%2frollup-win32-x64-msvc 550ms (cache miss)
599 silly packumentCache full:https://registry.npmmirror.com/@rollup%2frollup-win32-x64-msvc set size:71030 disposed:false
600 http fetch GET 200 https://registry.npmmirror.com/@rollup%2frollup-openbsd-x64 548ms (cache miss)
601 silly packumentCache full:https://registry.npmmirror.com/@rollup%2frollup-openbsd-x64 set size:8409 disposed:false
602 http fetch GET 200 https://registry.npmmirror.com/@rollup%2frollup-openharmony-arm64 560ms (cache miss)
603 silly packumentCache full:https://registry.npmmirror.com/@rollup%2frollup-openharmony-arm64 set size:15686 disposed:false
604 http fetch GET 200 https://registry.npmmirror.com/@rollup%2frollup-freebsd-x64 635ms (cache miss)
605 silly packumentCache full:https://registry.npmmirror.com/@rollup%2frollup-freebsd-x64 set size:40239 disposed:false
606 http fetch GET 200 https://registry.npmmirror.com/@rollup%2frollup-linux-x64-gnu 617ms (cache miss)
607 silly packumentCache full:https://registry.npmmirror.com/@rollup%2frollup-linux-x64-gnu set size:71131 disposed:false
608 http fetch GET 200 https://registry.npmmirror.com/@rollup%2frollup-linux-x64-musl 605ms (cache miss)
609 silly packumentCache full:https://registry.npmmirror.com/@rollup%2frollup-linux-x64-musl set size:70930 disposed:false
610 silly placeDep ROOT @esbuild/aix-ppc64@0.24.2 OK for: esbuild@0.24.2 want: 0.24.2
611 silly placeDep ROOT @esbuild/android-arm@0.24.2 OK for: esbuild@0.24.2 want: 0.24.2
612 silly placeDep ROOT @esbuild/android-arm64@0.24.2 OK for: esbuild@0.24.2 want: 0.24.2
613 silly placeDep ROOT @esbuild/android-x64@0.24.2 OK for: esbuild@0.24.2 want: 0.24.2
614 silly placeDep ROOT @esbuild/darwin-arm64@0.24.2 OK for: esbuild@0.24.2 want: 0.24.2
615 silly placeDep ROOT @esbuild/darwin-x64@0.24.2 OK for: esbuild@0.24.2 want: 0.24.2
616 silly placeDep ROOT @esbuild/freebsd-arm64@0.24.2 OK for: esbuild@0.24.2 want: 0.24.2
617 silly placeDep ROOT @esbuild/freebsd-x64@0.24.2 OK for: esbuild@0.24.2 want: 0.24.2
618 silly placeDep ROOT @esbuild/linux-arm@0.24.2 OK for: esbuild@0.24.2 want: 0.24.2
619 silly placeDep ROOT @esbuild/linux-arm64@0.24.2 OK for: esbuild@0.24.2 want: 0.24.2
620 silly placeDep ROOT @esbuild/linux-ia32@0.24.2 OK for: esbuild@0.24.2 want: 0.24.2
621 silly placeDep ROOT @esbuild/linux-loong64@0.24.2 OK for: esbuild@0.24.2 want: 0.24.2
622 silly placeDep ROOT @esbuild/linux-mips64el@0.24.2 OK for: esbuild@0.24.2 want: 0.24.2
623 silly placeDep ROOT @esbuild/linux-ppc64@0.24.2 OK for: esbuild@0.24.2 want: 0.24.2
624 silly placeDep ROOT @esbuild/linux-riscv64@0.24.2 OK for: esbuild@0.24.2 want: 0.24.2
625 silly placeDep ROOT @esbuild/linux-s390x@0.24.2 OK for: esbuild@0.24.2 want: 0.24.2
626 silly placeDep ROOT @esbuild/linux-x64@0.24.2 OK for: esbuild@0.24.2 want: 0.24.2
627 silly placeDep ROOT @esbuild/netbsd-arm64@0.24.2 OK for: esbuild@0.24.2 want: 0.24.2
628 silly placeDep ROOT @esbuild/netbsd-x64@0.24.2 OK for: esbuild@0.24.2 want: 0.24.2
629 silly placeDep ROOT @esbuild/openbsd-arm64@0.24.2 OK for: esbuild@0.24.2 want: 0.24.2
630 silly placeDep ROOT @esbuild/openbsd-x64@0.24.2 OK for: esbuild@0.24.2 want: 0.24.2
631 silly placeDep ROOT @esbuild/sunos-x64@0.24.2 OK for: esbuild@0.24.2 want: 0.24.2
632 silly placeDep ROOT @esbuild/win32-arm64@0.24.2 OK for: esbuild@0.24.2 want: 0.24.2
633 silly placeDep ROOT @esbuild/win32-ia32@0.24.2 OK for: esbuild@0.24.2 want: 0.24.2
634 silly placeDep ROOT @esbuild/win32-x64@0.24.2 OK for: esbuild@0.24.2 want: 0.24.2
635 silly placeDep ROOT nanoid@3.3.14 OK for: postcss@8.5.15 want: ^3.3.12
636 silly placeDep ROOT source-map-js@1.2.1 OK for: postcss@8.5.15 want: ^1.2.1
637 silly placeDep ROOT @rollup/rollup-android-arm-eabi@4.62.2 OK for: rollup@4.62.2 want: 4.62.2
638 silly placeDep ROOT @rollup/rollup-android-arm64@4.62.2 OK for: rollup@4.62.2 want: 4.62.2
639 silly placeDep ROOT @rollup/rollup-darwin-arm64@4.62.2 OK for: rollup@4.62.2 want: 4.62.2
640 silly placeDep ROOT @rollup/rollup-darwin-x64@4.62.2 OK for: rollup@4.62.2 want: 4.62.2
641 silly placeDep ROOT @rollup/rollup-freebsd-arm64@4.62.2 OK for: rollup@4.62.2 want: 4.62.2
642 silly placeDep ROOT @rollup/rollup-freebsd-x64@4.62.2 OK for: rollup@4.62.2 want: 4.62.2
643 silly placeDep ROOT @rollup/rollup-linux-arm-gnueabihf@4.62.2 OK for: rollup@4.62.2 want: 4.62.2
644 silly placeDep ROOT @rollup/rollup-linux-arm-musleabihf@4.62.2 OK for: rollup@4.62.2 want: 4.62.2
645 silly placeDep ROOT @rollup/rollup-linux-arm64-gnu@4.62.2 OK for: rollup@4.62.2 want: 4.62.2
646 silly placeDep ROOT @rollup/rollup-linux-arm64-musl@4.62.2 OK for: rollup@4.62.2 want: 4.62.2
647 silly placeDep ROOT @rollup/rollup-linux-loong64-gnu@4.62.2 OK for: rollup@4.62.2 want: 4.62.2
648 silly placeDep ROOT @rollup/rollup-linux-loong64-musl@4.62.2 OK for: rollup@4.62.2 want: 4.62.2
649 silly placeDep ROOT @rollup/rollup-linux-ppc64-gnu@4.62.2 OK for: rollup@4.62.2 want: 4.62.2
650 silly placeDep ROOT @rollup/rollup-linux-ppc64-musl@4.62.2 OK for: rollup@4.62.2 want: 4.62.2
651 silly placeDep ROOT @rollup/rollup-linux-riscv64-gnu@4.62.2 OK for: rollup@4.62.2 want: 4.62.2
652 silly placeDep ROOT @rollup/rollup-linux-riscv64-musl@4.62.2 OK for: rollup@4.62.2 want: 4.62.2
653 silly placeDep ROOT @rollup/rollup-linux-s390x-gnu@4.62.2 OK for: rollup@4.62.2 want: 4.62.2
654 silly placeDep ROOT @rollup/rollup-linux-x64-gnu@4.62.2 OK for: rollup@4.62.2 want: 4.62.2
655 silly placeDep ROOT @rollup/rollup-linux-x64-musl@4.62.2 OK for: rollup@4.62.2 want: 4.62.2
656 silly placeDep ROOT @rollup/rollup-openbsd-x64@4.62.2 OK for: rollup@4.62.2 want: 4.62.2
657 silly placeDep ROOT @rollup/rollup-openharmony-arm64@4.62.2 OK for: rollup@4.62.2 want: 4.62.2
658 silly placeDep ROOT @rollup/rollup-win32-arm64-msvc@4.62.2 OK for: rollup@4.62.2 want: 4.62.2
659 silly placeDep ROOT @rollup/rollup-win32-ia32-msvc@4.62.2 OK for: rollup@4.62.2 want: 4.62.2
660 silly placeDep ROOT @rollup/rollup-win32-x64-gnu@4.62.2 OK for: rollup@4.62.2 want: 4.62.2
661 silly placeDep ROOT @rollup/rollup-win32-x64-msvc@4.62.2 OK for: rollup@4.62.2 want: 4.62.2
662 silly placeDep ROOT @types/estree@1.0.9 OK for: rollup@4.62.2 want: 1.0.9
663 silly reify mark retired [ 'F:\\agent\\new\\agentDogs\\GUI\\node_modules\\vite' ]
664 silly reify moves {
664 silly reify   'F:\\agent\\new\\agentDogs\\GUI\\node_modules\\vite': 'F:\\agent\\new\\agentDogs\\GUI\\node_modules\\.vite-oY1i31Qo'
664 silly reify }
665 http cache @types/estree@https://registry.npmmirror.com/@types/estree/-/estree-1.0.9.tgz 0ms (cache hit)
666 http cache @rollup/rollup-win32-x64-msvc@https://registry.npmmirror.com/@rollup/rollup-win32-x64-msvc/-/rollup-win32-x64-msvc-4.62.2.tgz 0ms (cache hit)
667 http cache @esbuild/win32-x64@https://registry.npmmirror.com/@esbuild/win32-x64/-/win32-x64-0.24.2.tgz 0ms (cache hit)
668 http cache source-map-js@https://registry.npmmirror.com/source-map-js/-/source-map-js-1.2.1.tgz 0ms (cache hit)
669 http cache @rollup/rollup-win32-x64-gnu@https://registry.npmmirror.com/@rollup/rollup-win32-x64-gnu/-/rollup-win32-x64-gnu-4.62.2.tgz 0ms (cache hit)
670 http cache nanoid@https://registry.npmmirror.com/nanoid/-/nanoid-3.3.14.tgz 0ms (cache hit)
671 http cache postcss@https://registry.npmmirror.com/postcss/-/postcss-8.5.15.tgz 0ms (cache hit)
672 http cache esbuild@https://registry.npmmirror.com/esbuild/-/esbuild-0.24.2.tgz 0ms (cache hit)
673 http cache escalade@https://registry.npmmirror.com/escalade/-/escalade-3.2.0.tgz 0ms (cache hit)
674 http cache yallist@https://registry.npmmirror.com/yallist/-/yallist-3.1.1.tgz 0ms (cache hit)
675 http cache rollup@https://registry.npmmirror.com/rollup/-/rollup-4.62.2.tgz 0ms (cache hit)
676 http cache scheduler@https://registry.npmmirror.com/scheduler/-/scheduler-0.23.2.tgz 0ms (cache hit)
677 http cache ms@https://registry.npmmirror.com/ms/-/ms-2.1.3.tgz 0ms (cache hit)
678 http cache update-browserslist-db@https://registry.npmmirror.com/update-browserslist-db/-/update-browserslist-db-1.2.3.tgz 0ms (cache hit)
679 http cache @types/babel__traverse@https://registry.npmmirror.com/@types/babel__traverse/-/babel__traverse-7.28.0.tgz 0ms (cache hit)
680 http cache loose-envify@https://registry.npmmirror.com/loose-envify/-/loose-envify-1.4.0.tgz 0ms (cache hit)
681 http cache electron-to-chromium@https://registry.npmmirror.com/electron-to-chromium/-/electron-to-chromium-1.5.376.tgz 0ms (cache hit)
682 http cache baseline-browser-mapping@https://registry.npmmirror.com/baseline-browser-mapping/-/baseline-browser-mapping-2.10.38.tgz 0ms (cache hit)
683 http cache node-releases@https://registry.npmmirror.com/node-releases/-/node-releases-2.0.48.tgz 0ms (cache hit)
684 http cache @types/babel__generator@https://registry.npmmirror.com/@types/babel__generator/-/babel__generator-7.27.0.tgz 0ms (cache hit)
685 http cache @types/babel__template@https://registry.npmmirror.com/@types/babel__template/-/babel__template-7.4.4.tgz 0ms (cache hit)
686 http cache caniuse-lite@https://registry.npmmirror.com/caniuse-lite/-/caniuse-lite-1.0.30001799.tgz 0ms (cache hit)
687 http cache @jridgewell/sourcemap-codec@https://registry.npmmirror.com/@jridgewell/sourcemap-codec/-/sourcemap-codec-1.5.5.tgz 0ms (cache hit)
688 http cache @jridgewell/resolve-uri@https://registry.npmmirror.com/@jridgewell/resolve-uri/-/resolve-uri-3.1.2.tgz 0ms (cache hit)
689 http cache @babel/helper-string-parser@https://registry.npmmirror.com/@babel/helper-string-parser/-/helper-string-parser-7.29.7.tgz 0ms (cache hit)
690 http cache browserslist@https://registry.npmmirror.com/browserslist/-/browserslist-4.28.2.tgz 0ms (cache hit)
691 http cache @babel/helper-plugin-utils@https://registry.npmmirror.com/@babel/helper-plugin-utils/-/helper-plugin-utils-7.29.7.tgz 0ms (cache hit)
692 http cache lru-cache@https://registry.npmmirror.com/lru-cache/-/lru-cache-5.1.1.tgz 0ms (cache hit)
693 http cache @babel/helper-globals@https://registry.npmmirror.com/@babel/helper-globals/-/helper-globals-7.29.7.tgz 0ms (cache hit)
694 http cache jsesc@https://registry.npmmirror.com/jsesc/-/jsesc-3.1.0.tgz 0ms (cache hit)
695 http cache @babel/helper-module-imports@https://registry.npmmirror.com/@babel/helper-module-imports/-/helper-module-imports-7.29.7.tgz 0ms (cache hit)
696 http cache @babel/compat-data@https://registry.npmmirror.com/@babel/compat-data/-/compat-data-7.29.7.tgz 0ms (cache hit)
697 http cache @jridgewell/trace-mapping@https://registry.npmmirror.com/@jridgewell/trace-mapping/-/trace-mapping-0.3.31.tgz 0ms (cache hit)
698 http cache picocolors@https://registry.npmmirror.com/picocolors/-/picocolors-1.1.1.tgz 0ms (cache hit)
699 http cache @jridgewell/gen-mapping@https://registry.npmmirror.com/@jridgewell/gen-mapping/-/gen-mapping-0.3.13.tgz 0ms (cache hit)
700 http cache js-tokens@https://registry.npmmirror.com/js-tokens/-/js-tokens-4.0.0.tgz 0ms (cache hit)
701 http cache @babel/helper-validator-identifier@https://registry.npmmirror.com/@babel/helper-validator-identifier/-/helper-validator-identifier-7.29.7.tgz 0ms (cache hit)
702 http cache @babel/helper-validator-option@https://registry.npmmirror.com/@babel/helper-validator-option/-/helper-validator-option-7.29.7.tgz 0ms (cache hit)
703 http cache semver@https://registry.npmmirror.com/semver/-/semver-6.3.1.tgz 0ms (cache hit)
704 http cache gensync@https://registry.npmmirror.com/gensync/-/gensync-1.0.0-beta.2.tgz 0ms (cache hit)
705 http cache @babel/types@https://registry.npmmirror.com/@babel/types/-/types-7.29.7.tgz 0ms (cache hit)
706 http cache @jridgewell/remapping@https://registry.npmmirror.com/@jridgewell/remapping/-/remapping-2.3.5.tgz 0ms (cache hit)
707 http cache json5@https://registry.npmmirror.com/json5/-/json5-2.2.3.tgz 0ms (cache hit)
708 http cache @babel/traverse@https://registry.npmmirror.com/@babel/traverse/-/traverse-7.29.7.tgz 0ms (cache hit)
709 http cache @babel/template@https://registry.npmmirror.com/@babel/template/-/template-7.29.7.tgz 0ms (cache hit)
710 http cache convert-source-map@https://registry.npmmirror.com/convert-source-map/-/convert-source-map-2.0.0.tgz 0ms (cache hit)
711 http cache @babel/generator@https://registry.npmmirror.com/@babel/generator/-/generator-7.29.7.tgz 0ms (cache hit)
712 http cache debug@https://registry.npmmirror.com/debug/-/debug-4.4.3.tgz 0ms (cache hit)
713 http cache @babel/helper-compilation-targets@https://registry.npmmirror.com/@babel/helper-compilation-targets/-/helper-compilation-targets-7.29.7.tgz 0ms (cache hit)
714 http cache @babel/parser@https://registry.npmmirror.com/@babel/parser/-/parser-7.29.7.tgz 0ms (cache hit)
715 http cache @babel/helpers@https://registry.npmmirror.com/@babel/helpers/-/helpers-7.29.7.tgz 0ms (cache hit)
716 http cache react-refresh@https://registry.npmmirror.com/react-refresh/-/react-refresh-0.14.2.tgz 0ms (cache hit)
717 http cache @types/babel__core@https://registry.npmmirror.com/@types/babel__core/-/babel__core-7.20.5.tgz 0ms (cache hit)
718 http cache @babel/helper-module-transforms@https://registry.npmmirror.com/@babel/helper-module-transforms/-/helper-module-transforms-7.29.7.tgz 0ms (cache hit)
719 http cache @babel/code-frame@https://registry.npmmirror.com/@babel/code-frame/-/code-frame-7.29.7.tgz 0ms (cache hit)
720 http cache @babel/plugin-transform-react-jsx-source@https://registry.npmmirror.com/@babel/plugin-transform-react-jsx-source/-/plugin-transform-react-jsx-source-7.29.7.tgz 0ms (cache hit)
721 http cache @babel/core@https://registry.npmmirror.com/@babel/core/-/core-7.29.7.tgz 0ms (cache hit)
722 http cache react-dom@https://registry.npmmirror.com/react-dom/-/react-dom-18.3.1.tgz 0ms (cache hit)
723 http cache @vitejs/plugin-react@https://registry.npmmirror.com/@vitejs/plugin-react/-/plugin-react-4.3.4.tgz 0ms (cache hit)
724 http cache @babel/plugin-transform-react-jsx-self@https://registry.npmmirror.com/@babel/plugin-transform-react-jsx-self/-/plugin-transform-react-jsx-self-7.29.7.tgz 0ms (cache hit)
725 silly tarball no local data for @types/estree@https://registry.npmmirror.com/@types/estree/-/estree-1.0.9.tgz. Extracting by manifest.
726 http cache lucide-react@https://registry.npmmirror.com/lucide-react/-/lucide-react-0.468.0.tgz 0ms (cache hit)
727 http cache vite@https://registry.npmmirror.com/vite/-/vite-6.1.0.tgz 0ms (cache hit)
728 silly tarball no local data for @rollup/rollup-win32-x64-msvc@https://registry.npmmirror.com/@rollup/rollup-win32-x64-msvc/-/rollup-win32-x64-msvc-4.62.2.tgz. Extracting by manifest.
729 http cache react@https://registry.npmmirror.com/react/-/react-18.3.1.tgz 0ms (cache hit)
730 silly tarball no local data for @esbuild/win32-x64@https://registry.npmmirror.com/@esbuild/win32-x64/-/win32-x64-0.24.2.tgz. Extracting by manifest.
731 silly tarball no local data for @rollup/rollup-win32-x64-gnu@https://registry.npmmirror.com/@rollup/rollup-win32-x64-gnu/-/rollup-win32-x64-gnu-4.62.2.tgz. Extracting by manifest.
732 silly tarball no local data for esbuild@https://registry.npmmirror.com/esbuild/-/esbuild-0.24.2.tgz. Extracting by manifest.
733 silly tarball no local data for escalade@https://registry.npmmirror.com/escalade/-/escalade-3.2.0.tgz. Extracting by manifest.
734 silly tarball no local data for yallist@https://registry.npmmirror.com/yallist/-/yallist-3.1.1.tgz. Extracting by manifest.
735 silly tarball no local data for rollup@https://registry.npmmirror.com/rollup/-/rollup-4.62.2.tgz. Extracting by manifest.
736 silly tarball no local data for scheduler@https://registry.npmmirror.com/scheduler/-/scheduler-0.23.2.tgz. Extracting by manifest.
737 silly tarball no local data for ms@https://registry.npmmirror.com/ms/-/ms-2.1.3.tgz. Extracting by manifest.
738 silly tarball no local data for update-browserslist-db@https://registry.npmmirror.com/update-browserslist-db/-/update-browserslist-db-1.2.3.tgz. Extracting by manifest.
739 silly tarball no local data for @types/babel__traverse@https://registry.npmmirror.com/@types/babel__traverse/-/babel__traverse-7.28.0.tgz. Extracting by manifest.
740 silly tarball no local data for loose-envify@https://registry.npmmirror.com/loose-envify/-/loose-envify-1.4.0.tgz. Extracting by manifest.
741 silly tarball no local data for electron-to-chromium@https://registry.npmmirror.com/electron-to-chromium/-/electron-to-chromium-1.5.376.tgz. Extracting by manifest.
742 silly tarball no local data for baseline-browser-mapping@https://registry.npmmirror.com/baseline-browser-mapping/-/baseline-browser-mapping-2.10.38.tgz. Extracting by manifest.
743 silly tarball no local data for node-releases@https://registry.npmmirror.com/node-releases/-/node-releases-2.0.48.tgz. Extracting by manifest.
744 silly tarball no local data for @types/babel__generator@https://registry.npmmirror.com/@types/babel__generator/-/babel__generator-7.27.0.tgz. Extracting by manifest.
745 silly tarball no local data for @types/babel__template@https://registry.npmmirror.com/@types/babel__template/-/babel__template-7.4.4.tgz. Extracting by manifest.
746 silly tarball no local data for caniuse-lite@https://registry.npmmirror.com/caniuse-lite/-/caniuse-lite-1.0.30001799.tgz. Extracting by manifest.
747 silly tarball no local data for @jridgewell/sourcemap-codec@https://registry.npmmirror.com/@jridgewell/sourcemap-codec/-/sourcemap-codec-1.5.5.tgz. Extracting by manifest.
748 silly tarball no local data for @jridgewell/resolve-uri@https://registry.npmmirror.com/@jridgewell/resolve-uri/-/resolve-uri-3.1.2.tgz. Extracting by manifest.
749 silly tarball no local data for @babel/helper-string-parser@https://registry.npmmirror.com/@babel/helper-string-parser/-/helper-string-parser-7.29.7.tgz. Extracting by manifest.
750 silly tarball no local data for browserslist@https://registry.npmmirror.com/browserslist/-/browserslist-4.28.2.tgz. Extracting by manifest.
751 silly tarball no local data for @babel/helper-plugin-utils@https://registry.npmmirror.com/@babel/helper-plugin-utils/-/helper-plugin-utils-7.29.7.tgz. Extracting by manifest.
752 silly tarball no local data for lru-cache@https://registry.npmmirror.com/lru-cache/-/lru-cache-5.1.1.tgz. Extracting by manifest.
753 silly tarball no local data for @babel/helper-globals@https://registry.npmmirror.com/@babel/helper-globals/-/helper-globals-7.29.7.tgz. Extracting by manifest.
754 silly tarball no local data for jsesc@https://registry.npmmirror.com/jsesc/-/jsesc-3.1.0.tgz. Extracting by manifest.
755 silly tarball no local data for @babel/helper-module-imports@https://registry.npmmirror.com/@babel/helper-module-imports/-/helper-module-imports-7.29.7.tgz. Extracting by manifest.
756 silly tarball no local data for @babel/compat-data@https://registry.npmmirror.com/@babel/compat-data/-/compat-data-7.29.7.tgz. Extracting by manifest.
757 silly tarball no local data for @jridgewell/trace-mapping@https://registry.npmmirror.com/@jridgewell/trace-mapping/-/trace-mapping-0.3.31.tgz. Extracting by manifest.
758 silly tarball no local data for @jridgewell/gen-mapping@https://registry.npmmirror.com/@jridgewell/gen-mapping/-/gen-mapping-0.3.13.tgz. Extracting by manifest.
759 silly tarball no local data for js-tokens@https://registry.npmmirror.com/js-tokens/-/js-tokens-4.0.0.tgz. Extracting by manifest.
760 silly tarball no local data for @babel/helper-validator-identifier@https://registry.npmmirror.com/@babel/helper-validator-identifier/-/helper-validator-identifier-7.29.7.tgz. Extracting by manifest.
761 silly tarball no local data for @babel/helper-validator-option@https://registry.npmmirror.com/@babel/helper-validator-option/-/helper-validator-option-7.29.7.tgz. Extracting by manifest.
762 silly tarball no local data for semver@https://registry.npmmirror.com/semver/-/semver-6.3.1.tgz. Extracting by manifest.
763 silly tarball no local data for gensync@https://registry.npmmirror.com/gensync/-/gensync-1.0.0-beta.2.tgz. Extracting by manifest.
764 silly tarball no local data for @babel/types@https://registry.npmmirror.com/@babel/types/-/types-7.29.7.tgz. Extracting by manifest.
765 silly tarball no local data for @jridgewell/remapping@https://registry.npmmirror.com/@jridgewell/remapping/-/remapping-2.3.5.tgz. Extracting by manifest.
766 silly tarball no local data for json5@https://registry.npmmirror.com/json5/-/json5-2.2.3.tgz. Extracting by manifest.
767 silly tarball no local data for @babel/traverse@https://registry.npmmirror.com/@babel/traverse/-/traverse-7.29.7.tgz. Extracting by manifest.
768 silly tarball no local data for @babel/template@https://registry.npmmirror.com/@babel/template/-/template-7.29.7.tgz. Extracting by manifest.
769 silly tarball no local data for convert-source-map@https://registry.npmmirror.com/convert-source-map/-/convert-source-map-2.0.0.tgz. Extracting by manifest.
770 silly tarball no local data for @babel/generator@https://registry.npmmirror.com/@babel/generator/-/generator-7.29.7.tgz. Extracting by manifest.
771 silly tarball no local data for debug@https://registry.npmmirror.com/debug/-/debug-4.4.3.tgz. Extracting by manifest.
772 silly tarball no local data for @babel/helper-compilation-targets@https://registry.npmmirror.com/@babel/helper-compilation-targets/-/helper-compilation-targets-7.29.7.tgz. Extracting by manifest.
773 silly tarball no local data for @babel/parser@https://registry.npmmirror.com/@babel/parser/-/parser-7.29.7.tgz. Extracting by manifest.
774 silly tarball no local data for @babel/helpers@https://registry.npmmirror.com/@babel/helpers/-/helpers-7.29.7.tgz. Extracting by manifest.
775 silly tarball no local data for react-refresh@https://registry.npmmirror.com/react-refresh/-/react-refresh-0.14.2.tgz. Extracting by manifest.
776 silly tarball no local data for @types/babel__core@https://registry.npmmirror.com/@types/babel__core/-/babel__core-7.20.5.tgz. Extracting by manifest.
777 silly tarball no local data for @babel/helper-module-transforms@https://registry.npmmirror.com/@babel/helper-module-transforms/-/helper-module-transforms-7.29.7.tgz. Extracting by manifest.
778 silly tarball no local data for @babel/code-frame@https://registry.npmmirror.com/@babel/code-frame/-/code-frame-7.29.7.tgz. Extracting by manifest.
779 silly tarball no local data for @babel/plugin-transform-react-jsx-source@https://registry.npmmirror.com/@babel/plugin-transform-react-jsx-source/-/plugin-transform-react-jsx-source-7.29.7.tgz. Extracting by manifest.
780 silly tarball no local data for @babel/core@https://registry.npmmirror.com/@babel/core/-/core-7.29.7.tgz. Extracting by manifest.
781 silly tarball no local data for react-dom@https://registry.npmmirror.com/react-dom/-/react-dom-18.3.1.tgz. Extracting by manifest.
782 silly tarball no local data for @vitejs/plugin-react@https://registry.npmmirror.com/@vitejs/plugin-react/-/plugin-react-4.3.4.tgz. Extracting by manifest.
783 silly tarball no local data for @babel/plugin-transform-react-jsx-self@https://registry.npmmirror.com/@babel/plugin-transform-react-jsx-self/-/plugin-transform-react-jsx-self-7.29.7.tgz. Extracting by manifest.
784 silly tarball no local data for lucide-react@https://registry.npmmirror.com/lucide-react/-/lucide-react-0.468.0.tgz. Extracting by manifest.
785 silly tarball no local data for vite@https://registry.npmmirror.com/vite/-/vite-6.1.0.tgz. Extracting by manifest.
786 silly tarball no local data for react@https://registry.npmmirror.com/react/-/react-18.3.1.tgz. Extracting by manifest.
787 http fetch GET 200 https://cdn.npmmirror.com/packages/ms/2.1.3/ms-2.1.3.tgz 3201ms (cache miss)
788 http fetch GET 200 https://cdn.npmmirror.com/packages/%40babel/helper-string-parser/7.29.7/helper-string-parser-7.29.7.tgz 3894ms (cache miss)
789 http fetch GET 200 https://cdn.npmmirror.com/packages/node-releases/2.0.48/node-releases-2.0.48.tgz 4183ms (cache miss)
790 http fetch GET 200 https://cdn.npmmirror.com/packages/%40types/babel__template/7.4.4/babel__template-7.4.4.tgz 4186ms (cache miss)
791 http fetch GET 200 https://cdn.npmmirror.com/packages/%40types/babel__generator/7.27.0/babel__generator-7.27.0.tgz 4191ms (cache miss)
792 http fetch GET 200 https://cdn.npmmirror.com/packages/%40types/estree/1.0.9/estree-1.0.9.tgz 4821ms (cache miss)
793 http fetch GET 200 https://cdn.npmmirror.com/packages/%40types/babel__traverse/7.28.0/babel__traverse-7.28.0.tgz 5488ms (cache miss)
794 http fetch GET 200 https://cdn.npmmirror.com/packages/yallist/3.1.1/yallist-3.1.1.tgz 5722ms (cache miss)
795 http fetch GET 200 https://cdn.npmmirror.com/packages/%40types/babel__core/7.20.5/babel__core-7.20.5.tgz 6130ms (cache miss)
796 http fetch GET 200 https://cdn.npmmirror.com/packages/gensync/1.0.0-beta.2/gensync-1.0.0-beta.2.tgz 6510ms (cache miss)
797 http fetch GET 200 https://cdn.npmmirror.com/packages/lru-cache/5.1.1/lru-cache-5.1.1.tgz 6533ms (cache miss)
798 http fetch GET 200 https://cdn.npmmirror.com/packages/%40babel/helper-plugin-utils/7.29.7/helper-plugin-utils-7.29.7.tgz 6855ms (cache miss)
799 http fetch GET 200 https://cdn.npmmirror.com/packages/js-tokens/4.0.0/js-tokens-4.0.0.tgz 7129ms (cache miss)
800 http fetch GET 200 https://cdn.npmmirror.com/packages/convert-source-map/2.0.0/convert-source-map-2.0.0.tgz 7127ms (cache miss)
801 http fetch GET 200 https://cdn.npmmirror.com/packages/%40babel/plugin-transform-react-jsx-source/7.29.7/plugin-transform-react-jsx-source-7.29.7.tgz 7894ms (cache miss)
802 http fetch GET 200 https://cdn.npmmirror.com/packages/%40babel/plugin-transform-react-jsx-self/7.29.7/plugin-transform-react-jsx-self-7.29.7.tgz 8477ms (cache miss)
803 http fetch GET 200 https://cdn.npmmirror.com/packages/loose-envify/1.4.0/loose-envify-1.4.0.tgz 8495ms (cache miss)
804 http fetch GET 200 https://cdn.npmmirror.com/packages/%40babel/code-frame/7.29.7/code-frame-7.29.7.tgz 8818ms (cache miss)
805 http fetch GET 200 https://cdn.npmmirror.com/packages/update-browserslist-db/1.2.3/update-browserslist-db-1.2.3.tgz 8835ms (cache miss)
806 http fetch GET 200 https://cdn.npmmirror.com/packages/jsesc/3.1.0/jsesc-3.1.0.tgz 8838ms (cache miss)
807 http fetch GET 200 https://cdn.npmmirror.com/packages/%40babel/helper-globals/7.29.7/helper-globals-7.29.7.tgz 9102ms (cache miss)
808 http fetch GET 200 https://cdn.npmmirror.com/packages/semver/6.3.1/semver-6.3.1.tgz 9274ms (cache miss)
809 http fetch GET 200 https://cdn.npmmirror.com/packages/esbuild/0.24.2/esbuild-0.24.2.tgz 10462ms (cache miss)
810 http fetch GET 200 https://cdn.npmmirror.com/packages/debug/4.4.3/debug-4.4.3.tgz 10798ms (cache miss)
811 http fetch GET 200 https://cdn.npmmirror.com/packages/%40jridgewell/resolve-uri/3.1.2/resolve-uri-3.1.2.tgz 12115ms (cache miss)
812 http fetch GET 200 https://cdn.npmmirror.com/packages/browserslist/4.28.2/browserslist-4.28.2.tgz 12346ms (cache miss)
813 http fetch GET 200 https://cdn.npmmirror.com/packages/%40babel/helper-validator-option/7.29.7/helper-validator-option-7.29.7.tgz 12877ms (cache miss)
814 http fetch GET 200 https://cdn.npmmirror.com/packages/react-refresh/0.14.2/react-refresh-0.14.2.tgz 12885ms (cache miss)
815 http fetch GET 200 https://cdn.npmmirror.com/packages/%40babel/helper-validator-identifier/7.29.7/helper-validator-identifier-7.29.7.tgz 13158ms (cache miss)
816 http fetch GET 200 https://cdn.npmmirror.com/packages/escalade/3.2.0/escalade-3.2.0.tgz 13169ms (cache miss)
817 http fetch GET 200 https://cdn.npmmirror.com/packages/baseline-browser-mapping/2.10.38/baseline-browser-mapping-2.10.38.tgz 13173ms (cache miss)
818 http fetch GET 200 https://cdn.npmmirror.com/packages/%40vitejs/plugin-react/4.3.4/plugin-react-4.3.4.tgz 13159ms (cache miss)
819 http fetch GET 200 https://cdn.npmmirror.com/packages/electron-to-chromium/1.5.376/electron-to-chromium-1.5.376.tgz 13965ms (cache miss)
820 http fetch GET 200 https://cdn.npmmirror.com/packages/%40babel/helper-module-imports/7.29.7/helper-module-imports-7.29.7.tgz 14972ms (cache miss)
821 http fetch GET 200 https://cdn.npmmirror.com/packages/%40babel/compat-data/7.29.7/compat-data-7.29.7.tgz 16793ms (cache miss)
822 http fetch GET 200 https://cdn.npmmirror.com/packages/scheduler/0.23.2/scheduler-0.23.2.tgz 18525ms (cache miss)
823 http fetch GET 200 https://cdn.npmmirror.com/packages/%40babel/helper-compilation-targets/7.29.7/helper-compilation-targets-7.29.7.tgz 18994ms (cache miss)
824 http fetch GET 200 https://cdn.npmmirror.com/packages/%40babel/helper-module-transforms/7.29.7/helper-module-transforms-7.29.7.tgz 20411ms (cache miss)
825 http fetch GET 200 https://cdn.npmmirror.com/packages/%40babel/template/7.29.7/template-7.29.7.tgz 20422ms (cache miss)
826 http fetch GET 200 https://cdn.npmmirror.com/packages/json5/2.2.3/json5-2.2.3.tgz 22293ms (cache miss)
827 http fetch GET 200 https://cdn.npmmirror.com/packages/react/18.3.1/react-18.3.1.tgz 22296ms (cache miss)
828 http fetch GET 200 https://cdn.npmmirror.com/packages/%40rollup/rollup-win32-x64-gnu/4.62.2/rollup-win32-x64-gnu-4.62.2.tgz 24257ms (cache miss)
829 http fetch GET 200 https://cdn.npmmirror.com/packages/%40jridgewell/sourcemap-codec/1.5.5/sourcemap-codec-1.5.5.tgz 24500ms (cache miss)
830 http fetch GET 200 https://cdn.npmmirror.com/packages/%40babel/parser/7.29.7/parser-7.29.7.tgz 24880ms (cache miss)
831 http fetch GET 200 https://cdn.npmmirror.com/packages/%40jridgewell/remapping/2.3.5/remapping-2.3.5.tgz 26578ms (cache miss)
832 http fetch GET 200 https://cdn.npmmirror.com/packages/%40rollup/rollup-win32-x64-msvc/4.62.2/rollup-win32-x64-msvc-4.62.2.tgz 26598ms (cache miss)
833 http fetch GET 200 https://cdn.npmmirror.com/packages/%40jridgewell/gen-mapping/0.3.13/gen-mapping-0.3.13.tgz 26966ms (cache miss)
834 http fetch GET 200 https://cdn.npmmirror.com/packages/%40jridgewell/trace-mapping/0.3.31/trace-mapping-0.3.31.tgz 33081ms (cache miss)
835 http fetch GET 200 https://cdn.npmmirror.com/packages/%40babel/generator/7.29.7/generator-7.29.7.tgz 35042ms (cache miss)
836 http fetch GET 200 https://cdn.npmmirror.com/packages/rollup/4.62.2/rollup-4.62.2.tgz 35056ms (cache miss)
837 http fetch GET 200 https://cdn.npmmirror.com/packages/vite/6.1.0/vite-6.1.0.tgz 37161ms (cache miss)
838 http fetch GET 200 https://cdn.npmmirror.com/packages/react-dom/18.3.1/react-dom-18.3.1.tgz 38820ms (cache miss)
839 http fetch GET 200 https://cdn.npmmirror.com/packages/%40babel/traverse/7.29.7/traverse-7.29.7.tgz 40425ms (cache miss)
840 http fetch GET 200 https://cdn.npmmirror.com/packages/%40esbuild/win32-x64/0.24.2/win32-x64-0.24.2.tgz 41554ms (cache miss)
841 http fetch GET 200 https://cdn.npmmirror.com/packages/%40babel/core/7.29.7/core-7.29.7.tgz 51195ms (cache miss)
